// Jest Snapshot v1, https://goo.gl/fbAQLP

exports[`Bullet renders correctly 1`] = `
<View
  style={
    Array [
      Object {
        "backgroundColor": "#8A8A8F",
        "borderRadius": 2,
        "height": 3,
        "marginHorizontal": 10,
        "width": 3,
      },
      undefined,
    ]
  }
/>
`;
