// Jest Snapshot v1, https://goo.gl/fbAQLP

exports[`ConfirmMnemonicScreen renders correctly 1`] = `
<View
  accessibilityComponentType={undefined}
  accessibilityLabel={undefined}
  accessibilityTraits={undefined}
  accessible={true}
  hitSlop={undefined}
  nativeID={undefined}
  onLayout={undefined}
  onResponderGrant={[Function]}
  onResponderMove={[Function]}
  onResponderRelease={[Function]}
  onResponderTerminate={[Function]}
  onResponderTerminationRequest={[Function]}
  onStartShouldSetResponder={[Function]}
  style={
    Object {
      "flex": 1,
    }
  }
  testID={undefined}
>
  <View
    style={
      Array [
        Object {
          "alignItems": "center",
          "backgroundColor": "#ffffff",
          "flex": 1,
          "justifyContent": "center",
          "padding": 40,
        },
        undefined,
      ]
    }
  >
    <HeaderContainer
      backButtonIconStyle={undefined}
    />
    <View
      style={
        Array [
          Object {
            "alignItems": "center",
            "opacity": 1,
          },
        ]
      }
    >
      <Text
        accessible={true}
        allowFontScaling={true}
        ellipsizeMode="tail"
        numberOfLines={undefined}
        style={
          Array [
            Object {
              "color": "#000000",
              "fontFamily": "System",
              "fontWeight": "400",
            },
            Array [
              Object {
                "color": "#26203D",
                "fontSize": 18,
                "fontWeight": "600",
                "letterSpacing": 0.36,
                "marginBottom": 10,
                "textAlign": "center",
              },
              undefined,
            ],
          ]
        }
      >
        Confirm Recovery Key
      </Text>
      <Text
        accessible={true}
        allowFontScaling={true}
        ellipsizeMode="tail"
        numberOfLines={undefined}
        style={
          Array [
            Object {
              "color": "#000000",
              "fontFamily": "System",
              "fontWeight": "400",
            },
            Array [
              Object {
                "color": "rgba(0, 0, 0, 0.5)",
                "marginBottom": 20,
              },
              Object {
                "marginBottom": 30,
              },
            ],
          ]
        }
      >
        To verify that you saved the words correctly, please enter them below.
      </Text>
    </View>
    <View>
      <View
        style={
          Array [
            Object {
              "alignItems": "center",
              "flexDirection": "row",
              "flexWrap": "wrap",
              "justifyContent": "space-between",
            },
            undefined,
          ]
        }
      >
        <View
          style={
            Object {
              "padding": 4,
              "width": "50%",
            }
          }
        >
          <View>
            <View
              style={
                Array [
                  Object {
                    "backgroundColor": "white",
                    "borderRadius": 27,
                    "borderWidth": 1,
                    "padding": 17,
                    "paddingBottom": 3,
                    "paddingTop": 7,
                    "shadowColor": "#000000",
                    "shadowOffset": Object {
                      "height": 4,
                      "width": 0,
                    },
                    "shadowOpacity": 0.05,
                    "shadowRadius": 8,
                  },
                  Object {
                    "paddingTop": 7,
                  },
                  Object {
                    "borderColor": "#DDDDDF",
                  },
                ]
              }
            >
              <TextInput
                allowFontScaling={true}
                autoCapitalize="none"
                autoCorrect={false}
                enablesReturnKeyAutomatically={true}
                keyboardType={undefined}
                onBlur={[Function]}
                onChangeText={[Function]}
                onFocus={[Function]}
                onSubmitEditing={[Function]}
                placeholder={undefined}
                placeholderTextColor="#DDDDDF"
                returnKeyType="next"
                selectionColor="#F18340"
                style={
                  Array [
                    Object {
                      "color": "#8E8E93",
                      "fontSize": 13,
                      "height": 27,
                      "letterSpacing": 1.45,
                      "width": 278,
                    },
                    Array [
                      Object {
                        "fontFamily": "Menlo-Regular",
                        "fontSize": 13,
                        "height": 27,
                        "letterSpacing": 1,
                        "padding": 0,
                        "paddingLeft": 20,
                        "width": "100%",
                      },
                      Object {},
                    ],
                  ]
                }
                value={undefined}
              />
            </View>
            <Text
              accessible={true}
              allowFontScaling={true}
              ellipsizeMode="tail"
              style={
                Array [
                  Object {
                    "color": "#DDDDDF",
                    "fontFamily": "Menlo-Regular",
                    "fontSize": 13,
                    "left": 13,
                    "position": "absolute",
                    "top": 12.5,
                  },
                  Object {},
                ]
              }
            >
              1
              .
            </Text>
          </View>
        </View>
        <View
          style={
            Object {
              "padding": 4,
              "width": "50%",
            }
          }
        >
          <View>
            <View
              style={
                Array [
                  Object {
                    "backgroundColor": "white",
                    "borderRadius": 27,
                    "borderWidth": 1,
                    "padding": 17,
                    "paddingBottom": 3,
                    "paddingTop": 7,
                    "shadowColor": "#000000",
                    "shadowOffset": Object {
                      "height": 4,
                      "width": 0,
                    },
                    "shadowOpacity": 0.05,
                    "shadowRadius": 8,
                  },
                  Object {
                    "paddingTop": 7,
                  },
                  Object {
                    "borderColor": "#DDDDDF",
                  },
                ]
              }
            >
              <TextInput
                allowFontScaling={true}
                autoCapitalize="none"
                autoCorrect={false}
                enablesReturnKeyAutomatically={true}
                keyboardType={undefined}
                onBlur={[Function]}
                onChangeText={[Function]}
                onFocus={[Function]}
                onSubmitEditing={[Function]}
                placeholder={undefined}
                placeholderTextColor="#DDDDDF"
                returnKeyType="next"
                selectionColor="#F18340"
                style={
                  Array [
                    Object {
                      "color": "#8E8E93",
                      "fontSize": 13,
                      "height": 27,
                      "letterSpacing": 1.45,
                      "width": 278,
                    },
                    Array [
                      Object {
                        "fontFamily": "Menlo-Regular",
                        "fontSize": 13,
                        "height": 27,
                        "letterSpacing": 1,
                        "padding": 0,
                        "paddingLeft": 20,
                        "width": "100%",
                      },
                      Object {},
                    ],
                  ]
                }
                value={undefined}
              />
            </View>
            <Text
              accessible={true}
              allowFontScaling={true}
              ellipsizeMode="tail"
              style={
                Array [
                  Object {
                    "color": "#DDDDDF",
                    "fontFamily": "Menlo-Regular",
                    "fontSize": 13,
                    "left": 13,
                    "position": "absolute",
                    "top": 12.5,
                  },
                  Object {},
                ]
              }
            >
              2
              .
            </Text>
          </View>
        </View>
        <View
          style={
            Object {
              "padding": 4,
              "width": "50%",
            }
          }
        >
          <View>
            <View
              style={
                Array [
                  Object {
                    "backgroundColor": "white",
                    "borderRadius": 27,
                    "borderWidth": 1,
                    "padding": 17,
                    "paddingBottom": 3,
                    "paddingTop": 7,
                    "shadowColor": "#000000",
                    "shadowOffset": Object {
                      "height": 4,
                      "width": 0,
                    },
                    "shadowOpacity": 0.05,
                    "shadowRadius": 8,
                  },
                  Object {
                    "paddingTop": 7,
                  },
                  Object {
                    "borderColor": "#DDDDDF",
                  },
                ]
              }
            >
              <TextInput
                allowFontScaling={true}
                autoCapitalize="none"
                autoCorrect={false}
                enablesReturnKeyAutomatically={true}
                keyboardType={undefined}
                onBlur={[Function]}
                onChangeText={[Function]}
                onFocus={[Function]}
                onSubmitEditing={[Function]}
                placeholder={undefined}
                placeholderTextColor="#DDDDDF"
                returnKeyType="next"
                selectionColor="#F18340"
                style={
                  Array [
                    Object {
                      "color": "#8E8E93",
                      "fontSize": 13,
                      "height": 27,
                      "letterSpacing": 1.45,
                      "width": 278,
                    },
                    Array [
                      Object {
                        "fontFamily": "Menlo-Regular",
                        "fontSize": 13,
                        "height": 27,
                        "letterSpacing": 1,
                        "padding": 0,
                        "paddingLeft": 20,
                        "width": "100%",
                      },
                      Object {},
                    ],
                  ]
                }
                value={undefined}
              />
            </View>
            <Text
              accessible={true}
              allowFontScaling={true}
              ellipsizeMode="tail"
              style={
                Array [
                  Object {
                    "color": "#DDDDDF",
                    "fontFamily": "Menlo-Regular",
                    "fontSize": 13,
                    "left": 13,
                    "position": "absolute",
                    "top": 12.5,
                  },
                  Object {},
                ]
              }
            >
              3
              .
            </Text>
          </View>
        </View>
        <View
          style={
            Object {
              "padding": 4,
              "width": "50%",
            }
          }
        >
          <View>
            <View
              style={
                Array [
                  Object {
                    "backgroundColor": "white",
                    "borderRadius": 27,
                    "borderWidth": 1,
                    "padding": 17,
                    "paddingBottom": 3,
                    "paddingTop": 7,
                    "shadowColor": "#000000",
                    "shadowOffset": Object {
                      "height": 4,
                      "width": 0,
                    },
                    "shadowOpacity": 0.05,
                    "shadowRadius": 8,
                  },
                  Object {
                    "paddingTop": 7,
                  },
                  Object {
                    "borderColor": "#DDDDDF",
                  },
                ]
              }
            >
              <TextInput
                allowFontScaling={true}
                autoCapitalize="none"
                autoCorrect={false}
                enablesReturnKeyAutomatically={true}
                keyboardType={undefined}
                onBlur={[Function]}
                onChangeText={[Function]}
                onFocus={[Function]}
                onSubmitEditing={[Function]}
                placeholder={undefined}
                placeholderTextColor="#DDDDDF"
                returnKeyType="next"
                selectionColor="#F18340"
                style={
                  Array [
                    Object {
                      "color": "#8E8E93",
                      "fontSize": 13,
                      "height": 27,
                      "letterSpacing": 1.45,
                      "width": 278,
                    },
                    Array [
                      Object {
                        "fontFamily": "Menlo-Regular",
                        "fontSize": 13,
                        "height": 27,
                        "letterSpacing": 1,
                        "padding": 0,
                        "paddingLeft": 20,
                        "width": "100%",
                      },
                      Object {},
                    ],
                  ]
                }
                value={undefined}
              />
            </View>
            <Text
              accessible={true}
              allowFontScaling={true}
              ellipsizeMode="tail"
              style={
                Array [
                  Object {
                    "color": "#DDDDDF",
                    "fontFamily": "Menlo-Regular",
                    "fontSize": 13,
                    "left": 13,
                    "position": "absolute",
                    "top": 12.5,
                  },
                  Object {},
                ]
              }
            >
              4
              .
            </Text>
          </View>
        </View>
        <View
          style={
            Object {
              "padding": 4,
              "width": "50%",
            }
          }
        >
          <View>
            <View
              style={
                Array [
                  Object {
                    "backgroundColor": "white",
                    "borderRadius": 27,
                    "borderWidth": 1,
                    "padding": 17,
                    "paddingBottom": 3,
                    "paddingTop": 7,
                    "shadowColor": "#000000",
                    "shadowOffset": Object {
                      "height": 4,
                      "width": 0,
                    },
                    "shadowOpacity": 0.05,
                    "shadowRadius": 8,
                  },
                  Object {
                    "paddingTop": 7,
                  },
                  Object {
                    "borderColor": "#DDDDDF",
                  },
                ]
              }
            >
              <TextInput
                allowFontScaling={true}
                autoCapitalize="none"
                autoCorrect={false}
                enablesReturnKeyAutomatically={true}
                keyboardType={undefined}
                onBlur={[Function]}
                onChangeText={[Function]}
                onFocus={[Function]}
                onSubmitEditing={[Function]}
                placeholder={undefined}
                placeholderTextColor="#DDDDDF"
                returnKeyType="next"
                selectionColor="#F18340"
                style={
                  Array [
                    Object {
                      "color": "#8E8E93",
                      "fontSize": 13,
                      "height": 27,
                      "letterSpacing": 1.45,
                      "width": 278,
                    },
                    Array [
                      Object {
                        "fontFamily": "Menlo-Regular",
                        "fontSize": 13,
                        "height": 27,
                        "letterSpacing": 1,
                        "padding": 0,
                        "paddingLeft": 20,
                        "width": "100%",
                      },
                      Object {},
                    ],
                  ]
                }
                value={undefined}
              />
            </View>
            <Text
              accessible={true}
              allowFontScaling={true}
              ellipsizeMode="tail"
              style={
                Array [
                  Object {
                    "color": "#DDDDDF",
                    "fontFamily": "Menlo-Regular",
                    "fontSize": 13,
                    "left": 13,
                    "position": "absolute",
                    "top": 12.5,
                  },
                  Object {},
                ]
              }
            >
              5
              .
            </Text>
          </View>
        </View>
        <View
          style={
            Object {
              "padding": 4,
              "width": "50%",
            }
          }
        >
          <View>
            <View
              style={
                Array [
                  Object {
                    "backgroundColor": "white",
                    "borderRadius": 27,
                    "borderWidth": 1,
                    "padding": 17,
                    "paddingBottom": 3,
                    "paddingTop": 7,
                    "shadowColor": "#000000",
                    "shadowOffset": Object {
                      "height": 4,
                      "width": 0,
                    },
                    "shadowOpacity": 0.05,
                    "shadowRadius": 8,
                  },
                  Object {
                    "paddingTop": 7,
                  },
                  Object {
                    "borderColor": "#DDDDDF",
                  },
                ]
              }
            >
              <TextInput
                allowFontScaling={true}
                autoCapitalize="none"
                autoCorrect={false}
                enablesReturnKeyAutomatically={true}
                keyboardType={undefined}
                onBlur={[Function]}
                onChangeText={[Function]}
                onFocus={[Function]}
                onSubmitEditing={[Function]}
                placeholder={undefined}
                placeholderTextColor="#DDDDDF"
                returnKeyType="next"
                selectionColor="#F18340"
                style={
                  Array [
                    Object {
                      "color": "#8E8E93",
                      "fontSize": 13,
                      "height": 27,
                      "letterSpacing": 1.45,
                      "width": 278,
                    },
                    Array [
                      Object {
                        "fontFamily": "Menlo-Regular",
                        "fontSize": 13,
                        "height": 27,
                        "letterSpacing": 1,
                        "padding": 0,
                        "paddingLeft": 20,
                        "width": "100%",
                      },
                      Object {},
                    ],
                  ]
                }
                value={undefined}
              />
            </View>
            <Text
              accessible={true}
              allowFontScaling={true}
              ellipsizeMode="tail"
              style={
                Array [
                  Object {
                    "color": "#DDDDDF",
                    "fontFamily": "Menlo-Regular",
                    "fontSize": 13,
                    "left": 13,
                    "position": "absolute",
                    "top": 12.5,
                  },
                  Object {},
                ]
              }
            >
              6
              .
            </Text>
          </View>
        </View>
        <View
          style={
            Object {
              "padding": 4,
              "width": "50%",
            }
          }
        >
          <View>
            <View
              style={
                Array [
                  Object {
                    "backgroundColor": "white",
                    "borderRadius": 27,
                    "borderWidth": 1,
                    "padding": 17,
                    "paddingBottom": 3,
                    "paddingTop": 7,
                    "shadowColor": "#000000",
                    "shadowOffset": Object {
                      "height": 4,
                      "width": 0,
                    },
                    "shadowOpacity": 0.05,
                    "shadowRadius": 8,
                  },
                  Object {
                    "paddingTop": 7,
                  },
                  Object {
                    "borderColor": "#DDDDDF",
                  },
                ]
              }
            >
              <TextInput
                allowFontScaling={true}
                autoCapitalize="none"
                autoCorrect={false}
                enablesReturnKeyAutomatically={true}
                keyboardType={undefined}
                onBlur={[Function]}
                onChangeText={[Function]}
                onFocus={[Function]}
                onSubmitEditing={[Function]}
                placeholder={undefined}
                placeholderTextColor="#DDDDDF"
                returnKeyType="next"
                selectionColor="#F18340"
                style={
                  Array [
                    Object {
                      "color": "#8E8E93",
                      "fontSize": 13,
                      "height": 27,
                      "letterSpacing": 1.45,
                      "width": 278,
                    },
                    Array [
                      Object {
                        "fontFamily": "Menlo-Regular",
                        "fontSize": 13,
                        "height": 27,
                        "letterSpacing": 1,
                        "padding": 0,
                        "paddingLeft": 20,
                        "width": "100%",
                      },
                      Object {},
                    ],
                  ]
                }
                value={undefined}
              />
            </View>
            <Text
              accessible={true}
              allowFontScaling={true}
              ellipsizeMode="tail"
              style={
                Array [
                  Object {
                    "color": "#DDDDDF",
                    "fontFamily": "Menlo-Regular",
                    "fontSize": 13,
                    "left": 13,
                    "position": "absolute",
                    "top": 12.5,
                  },
                  Object {},
                ]
              }
            >
              7
              .
            </Text>
          </View>
        </View>
        <View
          style={
            Object {
              "padding": 4,
              "width": "50%",
            }
          }
        >
          <View>
            <View
              style={
                Array [
                  Object {
                    "backgroundColor": "white",
                    "borderRadius": 27,
                    "borderWidth": 1,
                    "padding": 17,
                    "paddingBottom": 3,
                    "paddingTop": 7,
                    "shadowColor": "#000000",
                    "shadowOffset": Object {
                      "height": 4,
                      "width": 0,
                    },
                    "shadowOpacity": 0.05,
                    "shadowRadius": 8,
                  },
                  Object {
                    "paddingTop": 7,
                  },
                  Object {
                    "borderColor": "#DDDDDF",
                  },
                ]
              }
            >
              <TextInput
                allowFontScaling={true}
                autoCapitalize="none"
                autoCorrect={false}
                enablesReturnKeyAutomatically={true}
                keyboardType={undefined}
                onBlur={[Function]}
                onChangeText={[Function]}
                onFocus={[Function]}
                onSubmitEditing={[Function]}
                placeholder={undefined}
                placeholderTextColor="#DDDDDF"
                returnKeyType="next"
                selectionColor="#F18340"
                style={
                  Array [
                    Object {
                      "color": "#8E8E93",
                      "fontSize": 13,
                      "height": 27,
                      "letterSpacing": 1.45,
                      "width": 278,
                    },
                    Array [
                      Object {
                        "fontFamily": "Menlo-Regular",
                        "fontSize": 13,
                        "height": 27,
                        "letterSpacing": 1,
                        "padding": 0,
                        "paddingLeft": 20,
                        "width": "100%",
                      },
                      Object {},
                    ],
                  ]
                }
                value={undefined}
              />
            </View>
            <Text
              accessible={true}
              allowFontScaling={true}
              ellipsizeMode="tail"
              style={
                Array [
                  Object {
                    "color": "#DDDDDF",
                    "fontFamily": "Menlo-Regular",
                    "fontSize": 13,
                    "left": 13,
                    "position": "absolute",
                    "top": 12.5,
                  },
                  Object {},
                ]
              }
            >
              8
              .
            </Text>
          </View>
        </View>
        <View
          style={
            Object {
              "padding": 4,
              "width": "50%",
            }
          }
        >
          <View>
            <View
              style={
                Array [
                  Object {
                    "backgroundColor": "white",
                    "borderRadius": 27,
                    "borderWidth": 1,
                    "padding": 17,
                    "paddingBottom": 3,
                    "paddingTop": 7,
                    "shadowColor": "#000000",
                    "shadowOffset": Object {
                      "height": 4,
                      "width": 0,
                    },
                    "shadowOpacity": 0.05,
                    "shadowRadius": 8,
                  },
                  Object {
                    "paddingTop": 7,
                  },
                  Object {
                    "borderColor": "#DDDDDF",
                  },
                ]
              }
            >
              <TextInput
                allowFontScaling={true}
                autoCapitalize="none"
                autoCorrect={false}
                enablesReturnKeyAutomatically={true}
                keyboardType={undefined}
                onBlur={[Function]}
                onChangeText={[Function]}
                onFocus={[Function]}
                onSubmitEditing={[Function]}
                placeholder={undefined}
                placeholderTextColor="#DDDDDF"
                returnKeyType="next"
                selectionColor="#F18340"
                style={
                  Array [
                    Object {
                      "color": "#8E8E93",
                      "fontSize": 13,
                      "height": 27,
                      "letterSpacing": 1.45,
                      "width": 278,
                    },
                    Array [
                      Object {
                        "fontFamily": "Menlo-Regular",
                        "fontSize": 13,
                        "height": 27,
                        "letterSpacing": 1,
                        "padding": 0,
                        "paddingLeft": 20,
                        "width": "100%",
                      },
                      Object {},
                    ],
                  ]
                }
                value={undefined}
              />
            </View>
            <Text
              accessible={true}
              allowFontScaling={true}
              ellipsizeMode="tail"
              style={
                Array [
                  Object {
                    "color": "#DDDDDF",
                    "fontFamily": "Menlo-Regular",
                    "fontSize": 13,
                    "left": 13,
                    "position": "absolute",
                    "top": 12.5,
                  },
                  Object {},
                ]
              }
            >
              9
              .
            </Text>
          </View>
        </View>
        <View
          style={
            Object {
              "padding": 4,
              "width": "50%",
            }
          }
        >
          <View>
            <View
              style={
                Array [
                  Object {
                    "backgroundColor": "white",
                    "borderRadius": 27,
                    "borderWidth": 1,
                    "padding": 17,
                    "paddingBottom": 3,
                    "paddingTop": 7,
                    "shadowColor": "#000000",
                    "shadowOffset": Object {
                      "height": 4,
                      "width": 0,
                    },
                    "shadowOpacity": 0.05,
                    "shadowRadius": 8,
                  },
                  Object {
                    "paddingTop": 7,
                  },
                  Object {
                    "borderColor": "#DDDDDF",
                  },
                ]
              }
            >
              <TextInput
                allowFontScaling={true}
                autoCapitalize="none"
                autoCorrect={false}
                enablesReturnKeyAutomatically={true}
                keyboardType={undefined}
                onBlur={[Function]}
                onChangeText={[Function]}
                onFocus={[Function]}
                onSubmitEditing={[Function]}
                placeholder={undefined}
                placeholderTextColor="#DDDDDF"
                returnKeyType="next"
                selectionColor="#F18340"
                style={
                  Array [
                    Object {
                      "color": "#8E8E93",
                      "fontSize": 13,
                      "height": 27,
                      "letterSpacing": 1.45,
                      "width": 278,
                    },
                    Array [
                      Object {
                        "fontFamily": "Menlo-Regular",
                        "fontSize": 13,
                        "height": 27,
                        "letterSpacing": 1,
                        "padding": 0,
                        "paddingLeft": 20,
                        "width": "100%",
                      },
                      Object {},
                    ],
                  ]
                }
                value={undefined}
              />
            </View>
            <Text
              accessible={true}
              allowFontScaling={true}
              ellipsizeMode="tail"
              style={
                Array [
                  Object {
                    "color": "#DDDDDF",
                    "fontFamily": "Menlo-Regular",
                    "fontSize": 13,
                    "left": 13,
                    "position": "absolute",
                    "top": 12.5,
                  },
                  Object {},
                ]
              }
            >
              10
              .
            </Text>
          </View>
        </View>
        <View
          style={
            Object {
              "padding": 4,
              "width": "50%",
            }
          }
        >
          <View>
            <View
              style={
                Array [
                  Object {
                    "backgroundColor": "white",
                    "borderRadius": 27,
                    "borderWidth": 1,
                    "padding": 17,
                    "paddingBottom": 3,
                    "paddingTop": 7,
                    "shadowColor": "#000000",
                    "shadowOffset": Object {
                      "height": 4,
                      "width": 0,
                    },
                    "shadowOpacity": 0.05,
                    "shadowRadius": 8,
                  },
                  Object {
                    "paddingTop": 7,
                  },
                  Object {
                    "borderColor": "#DDDDDF",
                  },
                ]
              }
            >
              <TextInput
                allowFontScaling={true}
                autoCapitalize="none"
                autoCorrect={false}
                enablesReturnKeyAutomatically={true}
                keyboardType={undefined}
                onBlur={[Function]}
                onChangeText={[Function]}
                onFocus={[Function]}
                onSubmitEditing={[Function]}
                placeholder={undefined}
                placeholderTextColor="#DDDDDF"
                returnKeyType="next"
                selectionColor="#F18340"
                style={
                  Array [
                    Object {
                      "color": "#8E8E93",
                      "fontSize": 13,
                      "height": 27,
                      "letterSpacing": 1.45,
                      "width": 278,
                    },
                    Array [
                      Object {
                        "fontFamily": "Menlo-Regular",
                        "fontSize": 13,
                        "height": 27,
                        "letterSpacing": 1,
                        "padding": 0,
                        "paddingLeft": 20,
                        "width": "100%",
                      },
                      Object {},
                    ],
                  ]
                }
                value={undefined}
              />
            </View>
            <Text
              accessible={true}
              allowFontScaling={true}
              ellipsizeMode="tail"
              style={
                Array [
                  Object {
                    "color": "#DDDDDF",
                    "fontFamily": "Menlo-Regular",
                    "fontSize": 13,
                    "left": 13,
                    "position": "absolute",
                    "top": 12.5,
                  },
                  Object {},
                ]
              }
            >
              11
              .
            </Text>
          </View>
        </View>
        <View
          style={
            Object {
              "padding": 4,
              "width": "50%",
            }
          }
        >
          <View>
            <View
              style={
                Array [
                  Object {
                    "backgroundColor": "white",
                    "borderRadius": 27,
                    "borderWidth": 1,
                    "padding": 17,
                    "paddingBottom": 3,
                    "paddingTop": 7,
                    "shadowColor": "#000000",
                    "shadowOffset": Object {
                      "height": 4,
                      "width": 0,
                    },
                    "shadowOpacity": 0.05,
                    "shadowRadius": 8,
                  },
                  Object {
                    "paddingTop": 7,
                  },
                  Object {
                    "borderColor": "#DDDDDF",
                  },
                ]
              }
            >
              <TextInput
                allowFontScaling={true}
                autoCapitalize="none"
                autoCorrect={false}
                enablesReturnKeyAutomatically={true}
                keyboardType={undefined}
                onBlur={[Function]}
                onChangeText={[Function]}
                onFocus={[Function]}
                onSubmitEditing={[Function]}
                placeholder={undefined}
                placeholderTextColor="#DDDDDF"
                returnKeyType="done"
                selectionColor="#F18340"
                style={
                  Array [
                    Object {
                      "color": "#8E8E93",
                      "fontSize": 13,
                      "height": 27,
                      "letterSpacing": 1.45,
                      "width": 278,
                    },
                    Array [
                      Object {
                        "fontFamily": "Menlo-Regular",
                        "fontSize": 13,
                        "height": 27,
                        "letterSpacing": 1,
                        "padding": 0,
                        "paddingLeft": 20,
                        "width": "100%",
                      },
                      Object {},
                    ],
                  ]
                }
                value={undefined}
              />
            </View>
            <Text
              accessible={true}
              allowFontScaling={true}
              ellipsizeMode="tail"
              style={
                Array [
                  Object {
                    "color": "#DDDDDF",
                    "fontFamily": "Menlo-Regular",
                    "fontSize": 13,
                    "left": 13,
                    "position": "absolute",
                    "top": 12.5,
                  },
                  Object {},
                ]
              }
            >
              12
              .
            </Text>
          </View>
        </View>
      </View>
    </View>
    <View
      pointerEvents={undefined}
      style={
        Array [
          Object {
            "alignItems": "center",
            "backgroundColor": "#ffffff",
            "bottom": 30,
            "left": 40,
            "position": "absolute",
            "right": 40,
          },
          undefined,
        ]
      }
    >
      <View
        accessibilityComponentType={undefined}
        accessibilityLabel={undefined}
        accessibilityTraits={undefined}
        accessible={true}
        collapsable={undefined}
        hasTVPreferredFocus={undefined}
        hitSlop={undefined}
        isTVSelectable={true}
        nativeID={undefined}
        onLayout={undefined}
        onResponderGrant={[Function]}
        onResponderMove={[Function]}
        onResponderRelease={[Function]}
        onResponderTerminate={[Function]}
        onResponderTerminationRequest={[Function]}
        onStartShouldSetResponder={[Function]}
        style={
          Object {
            "opacity": 1,
          }
        }
        testID={undefined}
        tvParallaxProperties={undefined}
      >
        <View
          style={
            Array [
              Object {
                "alignItems": "center",
                "backgroundColor": "#F6F6F6",
                "borderRadius": 7,
                "height": 42,
                "justifyContent": "center",
                "shadowRadius": 4,
                "width": 670,
              },
              undefined,
              Object {
                "color": "#7A7A7A",
                "opacity": 0.4,
              },
            ]
          }
        >
          <ActivityIndicator
            animating={false}
            color="#7A7A7A"
            hidesWhenStopped={true}
            size="small"
            style={
              Object {
                "height": 12,
                "left": 15,
                "position": "absolute",
                "top": 15,
              }
            }
          />
          <RNLinearTextGradient
            accessible={true}
            allowFontScaling={true}
            ellipsizeMode="tail"
            gradientEnd={undefined}
            gradientStart={undefined}
            style={
              Array [
                Object {
                  "color": "gray",
                },
                Object {
                  "fontFamily": "System",
                  "fontSize": 11,
                  "fontWeight": "600",
                  "letterSpacing": 0.41,
                },
              ]
            }
          >
            CONFIRM
          </RNLinearTextGradient>
        </View>
      </View>
      <View
        style={
          Array [
            Object {
              "bottom": 0,
              "left": 0,
              "right": 0,
            },
            Object {
              "height": 0,
            },
            undefined,
          ]
        }
      />
    </View>
    <View
      style={
        Array [
          Object {
            "bottom": 0,
            "left": 0,
            "right": 0,
          },
          Object {
            "height": 0,
          },
          undefined,
        ]
      }
    />
    <ErrorModalContainer />
  </View>
</View>
`;
