// Jest Snapshot v1, https://goo.gl/fbAQLP

exports[`HomeScreen renders correctly 1`] = `
<View
  style={
    Object {
      "alignItems": "center",
      "backgroundColor": "#F5FCFF",
      "flex": 1,
      "justifyContent": "center",
    }
  }
>
  <Text
    accessible={true}
    allowFontScaling={true}
    ellipsizeMode="tail"
    numberOfLines={undefined}
    style={
      Array [
        Object {
          "color": "#000000",
          "fontFamily": "System",
          "fontWeight": "400",
        },
        Object {
          "fontSize": 20,
          "margin": 10,
          "textAlign": "center",
        },
      ]
    }
  >
    Welcome to React Native!
  </Text>
  <Text
    accessible={true}
    allowFontScaling={true}
    ellipsizeMode="tail"
    numberOfLines={undefined}
    style={
      Array [
        Object {
          "color": "#000000",
          "fontFamily": "System",
          "fontWeight": "400",
        },
        Array [
          Object {
            "color": "rgba(0, 0, 0, 0.5)",
            "marginBottom": 20,
          },
          Object {
            "marginBottom": 5,
            "textAlign": "center",
          },
        ],
      ]
    }
  >
    To get started, edit App.js
  </Text>
  <Text
    accessible={true}
    allowFontScaling={true}
    ellipsizeMode="tail"
    numberOfLines={undefined}
    style={
      Array [
        Object {
          "color": "#000000",
          "fontFamily": "System",
          "fontWeight": "400",
        },
        Array [
          Object {
            "color": "rgba(0, 0, 0, 0.5)",
            "marginBottom": 20,
          },
          Object {
            "marginBottom": 5,
            "textAlign": "center",
          },
        ],
      ]
    }
  >
    Press Cmd+R to reload,
Cmd+D or shake for dev menu
  </Text>
</View>
`;
