// Jest Snapshot v1, https://goo.gl/fbAQLP

exports[`HomeScreen renders correctly 1`] = `
<View
  onLayout={[Function]}
  style={
    Array [
      Object {
        "backgroundColor": "transparent",
        "flex": 1,
        "position": "relative",
      },
      undefined,
    ]
  }
>
  <RCTScrollView
    automaticallyAdjustContentInsets={false}
    autoplay={false}
    autoplayDirection={true}
    autoplayTimeout={2.5}
    bounces={false}
    contentContainerStyle={
      Array [
        Object {
          "backgroundColor": "transparent",
        },
        undefined,
      ]
    }
    contentOffset={
      Object {
        "x": 750,
      }
    }
    disableNextButton={false}
    horizontal={true}
    index={1}
    loadMinimal={false}
    loadMinimalSize={1}
    loop={false}
    onIndexChanged={[Function]}
    onMomentumScrollEnd={[Function]}
    onScrollBeginDrag={[Function]}
    onScrollEndDrag={[Function]}
    pagingEnabled={true}
    removeClippedSubviews={true}
    scrollsToTop={false}
    showsButtons={false}
    showsHorizontalScrollIndicator={false}
    showsPagination={false}
    showsVerticalScrollIndicator={false}
    style={undefined}
  >
    <View>
      <View
        style={
          Array [
            Object {
              "height": 1334,
              "width": 750,
            },
            Object {
              "backgroundColor": "transparent",
            },
          ]
        }
      >
        <View
          style={
            Array [
              Object {
                "alignItems": "center",
                "backgroundColor": "#ffffff",
                "flex": 1,
                "justifyContent": "center",
                "padding": 40,
              },
              Object {
                "backgroundColor": "black",
                "padding": 0,
              },
            ]
          }
        >
          <BackHeaderContainer
            backButtonIconStyle={undefined}
            title={undefined}
          />
          <View
            style={
              Object {
                "alignItems": "center",
                "flex": 1,
                "justifyContent": "center",
              }
            }
          >
            <View
              notAuthorizedView={
                <Link
                  onPress={[Function]}
                >
                  Enable Camera Access
                </Link>
              }
              onCameraReady={[Function]}
              style={
                Object {
                  "alignItems": "center",
                  "backgroundColor": "#000000",
                  "flex": 1,
                  "height": 1334,
                  "justifyContent": "center",
                  "position": "absolute",
                  "width": 750,
                }
              }
            />
          </View>
          <ErrorModalContainer />
        </View>
      </View>
      <View
        style={
          Array [
            Object {
              "height": 1334,
              "width": 750,
            },
            Object {
              "backgroundColor": "transparent",
            },
          ]
        }
      >
        <TransactionsScreen />
      </View>
      <View
        style={
          Array [
            Object {
              "height": 1334,
              "width": 750,
            },
            Object {
              "backgroundColor": "transparent",
            },
          ]
        }
      >
        <ReceiveScreen />
      </View>
    </View>
  </RCTScrollView>
</View>
`;
