// Jest Snapshot v1, https://goo.gl/fbAQLP

exports[`MnemonicScreen renders correctly 1`] = `
<View
  headerTitle="Your Recovery Key"
  style={
    Array [
      Object {
        "alignItems": "center",
        "backgroundColor": "#ffffff",
        "flex": 1,
        "justifyContent": "center",
        "padding": 40,
      },
      undefined,
    ]
  }
>
  <HeaderContainer
    backButtonIconStyle={undefined}
    title="Your Recovery Key"
  />
  <Text
    accessible={true}
    allowFontScaling={true}
    ellipsizeMode="tail"
    numberOfLines={undefined}
    style={
      Array [
        Object {
          "color": "#000000",
          "fontFamily": "System",
          "fontWeight": "400",
        },
        Array [
          Object {
            "color": "#AAAAAA",
            "fontSize": 15,
            "fontWeight": "300",
            "lineHeight": 21,
            "marginBottom": 20,
          },
          Object {
            "position": "absolute",
            "textAlign": "center",
            "top": 85,
          },
        ],
      ]
    }
  >
    Write down and store this recovery key in a safe place so you can recover your wallet if you lose or break your phone.
  </Text>
  <MnemonicWordsContainer
    phrase="during bulb nominee acquire paddle next course stable govern eagle title wing"
    style={
      Object {
        "marginBottom": 10,
        "marginTop": 10,
      }
    }
  />
  <View
    pointerEvents={undefined}
    style={
      Array [
        Object {
          "alignItems": "center",
          "backgroundColor": "#ffffff",
          "bottom": 30,
          "left": 40,
          "position": "absolute",
          "right": 40,
        },
        undefined,
      ]
    }
  >
    <View
      accessibilityComponentType={undefined}
      accessibilityLabel={undefined}
      accessibilityTraits={undefined}
      accessible={true}
      collapsable={undefined}
      hasTVPreferredFocus={undefined}
      hitSlop={undefined}
      isTVSelectable={true}
      nativeID={undefined}
      onLayout={undefined}
      onResponderGrant={[Function]}
      onResponderMove={[Function]}
      onResponderRelease={[Function]}
      onResponderTerminate={[Function]}
      onResponderTerminationRequest={[Function]}
      onStartShouldSetResponder={[Function]}
      style={
        Object {
          "opacity": 1,
        }
      }
      testID={undefined}
      tvParallaxProperties={undefined}
    >
      <View
        style={
          Array [
            Object {
              "alignItems": "center",
              "backgroundColor": "#007AFF",
              "borderRadius": 7,
              "height": 46,
              "justifyContent": "center",
              "shadowColor": "black",
              "shadowOffset": Object {
                "height": 16,
                "width": 0,
              },
              "shadowOpacity": 0.16,
              "shadowRadius": 16,
              "width": 670,
            },
            undefined,
          ]
        }
      >
        <ActivityIndicator
          animating={false}
          color="#D2DCFF"
          hidesWhenStopped={true}
          size="small"
          style={
            Object {
              "height": 12,
              "left": 15,
              "position": "absolute",
              "top": 15,
            }
          }
        />
        <RNLinearTextGradient
          accessible={true}
          allowFontScaling={true}
          colors={
            Array [
              4294962687,
              4292663551,
              4292736255,
            ]
          }
          ellipsizeMode="tail"
          gradientEnd={
            Object {
              "x": 1,
              "y": 1,
            }
          }
          gradientStart={
            Object {
              "x": 0,
              "y": 0,
            }
          }
          locations={
            Array [
              0,
              0.5,
              1,
            ]
          }
          style={
            Array [
              Object {
                "color": "gray",
              },
              Object {
                "fontFamily": "System",
                "fontSize": 11,
                "fontWeight": "600",
                "letterSpacing": 0.41,
              },
            ]
          }
        >
          I HAVE SAVED THESE WORDS
        </RNLinearTextGradient>
      </View>
    </View>
  </View>
  <ErrorModalContainer />
</View>
`;
