// Jest Snapshot v1, https://goo.gl/fbAQLP

exports[`SplashScreen renders correctly 1`] = `
<View
  style={
    Array [
      Object {
        "alignItems": "center",
        "backgroundColor": "#ffffff",
        "flex": 1,
        "justifyContent": "center",
        "padding": 40,
      },
      Object {
        "alignItems": "center",
        "backgroundColor": "white",
        "flex": 1,
        "justifyContent": "center",
      },
    ]
  }
>
  <HeaderContainer
    backButtonIconStyle={undefined}
  />
  <Image
    source={
      Object {
        "uri": "Launch Screen Background",
      }
    }
    style={
      Object {
        "bottom": 0,
        "left": 0,
        "position": "absolute",
        "right": 0,
        "top": 0,
      }
    }
  />
  <Image
    source={
      Object {
        "uri": "Launch Screen Icon",
      }
    }
    style={
      Object {
        "height": 72,
        "marginLeft": 5.5,
        "width": 99,
      }
    }
  />
  <View
    pointerEvents={undefined}
    style={
      Array [
        Object {
          "alignItems": "center",
          "backgroundColor": "#ffffff",
          "bottom": 30,
          "left": 40,
          "position": "absolute",
          "right": 40,
        },
        Object {
          "backgroundColor": "transparent",
        },
      ]
    }
  >
    <ActivityIndicator
      animating={true}
      color="#D2DCFF"
      hidesWhenStopped={true}
      size="small"
      style={
        Object {
          "height": 42,
        }
      }
    />
  </View>
  <ErrorModalContainer />
</View>
`;
