// Jest Snapshot v1, https://goo.gl/fbAQLP

exports[`WelcomeScreen renders correctly 1`] = `
<View
  style={
    Array [
      Object {
        "alignItems": "center",
        "backgroundColor": "#ffffff",
        "flex": 1,
        "justifyContent": "center",
        "padding": 40,
      },
      undefined,
    ]
  }
>
  <HeaderContainer
    backButtonIconStyle={undefined}
    title={undefined}
  />
  <Text
    accessible={true}
    allowFontScaling={true}
    ellipsizeMode="tail"
    numberOfLines={undefined}
    style={
      Array [
        Object {
          "color": "#000000",
          "fontFamily": "System",
          "fontWeight": "400",
        },
        Array [
          Object {
            "color": "#26203D",
            "fontSize": 18,
            "fontWeight": "600",
            "letterSpacing": 0.36,
            "marginBottom": 10,
            "textAlign": "center",
          },
          Object {
            "marginBottom": 20,
          },
        ],
      ]
    }
  >
    Welcome to Wallet ID
  </Text>
  <Text
    accessible={true}
    allowFontScaling={true}
    ellipsizeMode="tail"
    numberOfLines={undefined}
    style={
      Array [
        Object {
          "color": "#000000",
          "fontFamily": "System",
          "fontWeight": "400",
        },
        Array [
          Object {
            "color": "#AAAAAA",
            "fontSize": 15,
            "fontWeight": "300",
            "lineHeight": 21,
            "marginBottom": 20,
          },
          Object {
            "textAlign": "center",
          },
        ],
      ]
    }
  >
    One secure key for all your bitcoin wallets and services.
  </Text>
  <View
    pointerEvents={undefined}
    style={
      Array [
        Object {
          "alignItems": "center",
          "backgroundColor": "#ffffff",
          "bottom": 30,
          "left": 40,
          "position": "absolute",
          "right": 40,
        },
        undefined,
      ]
    }
  >
    <View
      accessibilityComponentType={undefined}
      accessibilityLabel={undefined}
      accessibilityTraits={undefined}
      accessible={true}
      collapsable={undefined}
      hasTVPreferredFocus={undefined}
      hitSlop={undefined}
      isTVSelectable={true}
      nativeID={undefined}
      onLayout={undefined}
      onResponderGrant={[Function]}
      onResponderMove={[Function]}
      onResponderRelease={[Function]}
      onResponderTerminate={[Function]}
      onResponderTerminationRequest={[Function]}
      onStartShouldSetResponder={[Function]}
      style={
        Object {
          "opacity": 1,
        }
      }
      testID={undefined}
      tvParallaxProperties={undefined}
    >
      <View
        style={
          Array [
            Object {
              "alignItems": "center",
              "backgroundColor": "#322A51",
              "borderRadius": 7,
              "height": 46,
              "justifyContent": "center",
              "shadowRadius": 4,
              "width": 670,
            },
            Object {
              "marginBottom": 10,
            },
          ]
        }
      >
        <ActivityIndicator
          animating={false}
          color="#D2DCFF"
          hidesWhenStopped={true}
          size="small"
          style={
            Object {
              "height": 12,
              "left": 15,
              "position": "absolute",
              "top": 15,
            }
          }
        />
        <RNLinearTextGradient
          accessible={true}
          allowFontScaling={true}
          colors={
            Array [
              4294962687,
              4292663551,
              4292736255,
            ]
          }
          ellipsizeMode="tail"
          gradientEnd={
            Object {
              "x": 1,
              "y": 1,
            }
          }
          gradientStart={
            Object {
              "x": 0,
              "y": 0,
            }
          }
          locations={
            Array [
              0,
              0.5,
              1,
            ]
          }
          style={
            Array [
              Object {
                "color": "gray",
              },
              Object {
                "fontFamily": "System",
                "fontSize": 11,
                "fontWeight": "600",
                "letterSpacing": 0.41,
              },
            ]
          }
        >
          CREATE A NEW KEY
        </RNLinearTextGradient>
      </View>
    </View>
    <View
      accessibilityComponentType={undefined}
      accessibilityLabel={undefined}
      accessibilityTraits={undefined}
      accessible={true}
      collapsable={undefined}
      hasTVPreferredFocus={undefined}
      hitSlop={undefined}
      isTVSelectable={true}
      nativeID={undefined}
      onLayout={undefined}
      onResponderGrant={[Function]}
      onResponderMove={[Function]}
      onResponderRelease={[Function]}
      onResponderTerminate={[Function]}
      onResponderTerminationRequest={[Function]}
      onStartShouldSetResponder={[Function]}
      style={
        Object {
          "opacity": 1,
        }
      }
      testID={undefined}
      tvParallaxProperties={undefined}
    >
      <Text
        accessible={true}
        allowFontScaling={true}
        ellipsizeMode="tail"
      >
        <Text
          accessible={true}
          allowFontScaling={true}
          ellipsizeMode="tail"
          numberOfLines={undefined}
          style={
            Array [
              Object {
                "color": "#000000",
                "fontFamily": "System",
                "fontWeight": "400",
              },
              Array [
                Object {
                  "color": "#322A51",
                  "fontSize": 12,
                  "fontWeight": "500",
                },
                undefined,
              ],
            ]
          }
        >
          Or import an existing Wallet ID key
        </Text>
      </Text>
    </View>
  </View>
  <ErrorModalContainer />
</View>
`;
