// Jest Snapshot v1, https://goo.gl/fbAQLP

exports[`WelcomeScreen renders correctly 1`] = `
<View
  hideHeader={true}
  style={
    Array [
      Object {
        "alignItems": "center",
        "backgroundColor": "#ffffff",
        "flex": 1,
        "justifyContent": "center",
        "padding": 40,
      },
      Object {
        "alignItems": "center",
        "backgroundColor": "#FFD23F",
        "flex": 1,
        "justifyContent": "center",
      },
    ]
  }
>
  <Image
    source={
      Object {
        "uri": "LaunchScreenLogo",
      }
    }
    style={
      Object {
        "height": 57,
        "marginBottom": 150,
        "width": 127,
      }
    }
  />
  <View
    style={
      Array [
        Object {
          "alignItems": "center",
          "backgroundColor": "#ffffff",
          "bottom": 30,
          "left": 40,
          "position": "absolute",
          "right": 40,
        },
        null,
        Object {
          "backgroundColor": "transparent",
        },
      ]
    }
  >
    <View
      accessible={true}
      isTVSelectable={true}
      onResponderGrant={[Function]}
      onResponderMove={[Function]}
      onResponderRelease={[Function]}
      onResponderTerminate={[Function]}
      onResponderTerminationRequest={[Function]}
      onStartShouldSetResponder={[Function]}
      style={
        Object {
          "opacity": 1,
        }
      }
    >
      <View
        style={
          Array [
            Object {
              "alignItems": "center",
              "backgroundColor": "#FFD23F",
              "borderRadius": 25,
              "height": 50,
              "justifyContent": "center",
              "width": 670,
            },
            Array [
              Object {
                "backgroundColor": "white",
                "shadowColor": "#000000",
                "shadowOffset": Object {
                  "height": 2,
                  "width": 1,
                },
                "shadowOpacity": 0.08,
                "shadowRadius": 0,
              },
              Object {
                "paddingLeft": 50,
                "paddingRight": 50,
                "width": null,
              },
            ],
          ]
        }
      >
        <ActivityIndicator
          animating={false}
          color="#FFD23F"
          hidesWhenStopped={true}
          size="small"
          style={
            Object {
              "height": 12,
              "position": "absolute",
            }
          }
        />
        <Text
          style={
            Array [
              Object {
                "color": "white",
                "fontFamily": "System",
                "fontSize": 16,
                "fontWeight": "600",
                "letterSpacing": -0.41,
              },
              Object {
                "color": "#FFD23F",
              },
              Object {
                "opacity": 1,
              },
            ]
          }
        >
          Create a new wallet
        </Text>
      </View>
    </View>
    <View
      accessible={true}
      isTVSelectable={true}
      onResponderGrant={[Function]}
      onResponderMove={[Function]}
      onResponderRelease={[Function]}
      onResponderTerminate={[Function]}
      onResponderTerminationRequest={[Function]}
      onStartShouldSetResponder={[Function]}
      style={
        Object {
          "marginBottom": 10,
          "marginTop": 30,
          "opacity": 1,
          "padding": 15,
        }
      }
    >
      <Text>
        <Text
          style={
            Array [
              Object {
                "color": "#000000",
                "fontFamily": "System",
                "fontWeight": "400",
              },
              Array [
                Object {
                  "color": "#007AFF",
                  "fontFamily": "System",
                  "fontSize": 16,
                  "fontWeight": "600",
                  "letterSpacing": -0.41,
                },
                Object {
                  "color": "white",
                },
              ],
            ]
          }
        >
          Recover existing wallet
        </Text>
      </Text>
    </View>
  </View>
  <ErrorModalContainer />
</View>
`;
