// Jest Snapshot v1, https://goo.gl/fbAQLP

exports[`BaseSettingsScreen renders correctly 1`] = `
<View
  style={
    Object {
      "alignSelf": "stretch",
      "backgroundColor": "#EFEFF3",
      "flex": 1,
    }
  }
>
  <RCTScrollView>
    <View>
      <View
        style={
          Object {
            "paddingTop": 35,
          }
        }
      />
    </View>
  </RCTScrollView>
  <ErrorModalContainer />
</View>
`;
