// Jest Snapshot v1, https://goo.gl/fbAQLP

exports[`RecoveryKeyScreen renders correctly 1`] = `
<View
  style={
    Object {
      "alignSelf": "stretch",
      "backgroundColor": "#EFEFF3",
      "flex": 1,
    }
  }
>
  <RCTScrollView>
    <View>
      <View
        style={
          Object {
            "paddingTop": 35,
          }
        }
      >
        <View
          style={
            Array [
              Object {
                "backgroundColor": "white",
                "borderBottomColor": "#C8C8CC",
                "borderBottomWidth": 0.5,
                "borderTopColor": "#C8C8CC",
                "borderTopWidth": 0.5,
                "marginBottom": 35,
              },
              undefined,
            ]
          }
        >
          <View
            style={
              Array [
                Object {
                  "borderBottomColor": "#C8C7CC",
                  "borderBottomWidth": 0.5,
                  "flex": 1,
                  "height": 44,
                  "justifyContent": "center",
                  "marginLeft": 15,
                  "paddingRight": 15,
                },
                Object {
                  "borderBottomWidth": 0,
                },
              ]
            }
          >
            <Text
              style={
                Array [
                  Object {
                    "color": "#000000",
                    "fontFamily": "System",
                    "fontWeight": "400",
                  },
                  Object {
                    "fontSize": 17,
                    "fontWeight": "400",
                    "lineHeight": 22,
                  },
                ]
              }
            >
              Back up in iCloud
            </Text>
            <View
              style={
                Array [
                  Object {
                    "backgroundColor": "transparent",
                    "color": "#8F8E94",
                    "fontSize": 17,
                    "fontWeight": "400",
                    "lineHeight": 22,
                    "position": "absolute",
                    "right": 15,
                    "textAlign": "right",
                    "width": 250,
                  },
                  Object {
                    "width": null,
                  },
                ]
              }
            >
              <RCTSwitch
                onChange={[Function]}
                onResponderTerminationRequest={[Function]}
                onStartShouldSetResponder={[Function]}
                style={
                  Object {
                    "height": 31,
                    "width": 51,
                  }
                }
                value={false}
              />
            </View>
          </View>
        </View>
        <Text
          style={
            Array [
              Object {
                "color": "#000000",
                "fontFamily": "System",
                "fontWeight": "400",
              },
              Object {
                "color": "#8A8A8F",
                "fontSize": 13,
                "lineHeight": 17,
                "marginBottom": 30,
                "marginTop": -25,
                "paddingLeft": 15,
                "paddingRight": 15,
              },
            ]
          }
        >
          Saving your recovery key in iCloud is safe and convenient as long as you keep your iCloud account secure.
        </Text>
        <View
          style={
            Array [
              Object {
                "backgroundColor": "white",
                "borderBottomColor": "#C8C8CC",
                "borderBottomWidth": 0.5,
                "borderTopColor": "#C8C8CC",
                "borderTopWidth": 0.5,
                "marginBottom": 35,
              },
              undefined,
            ]
          }
        >
          <View
            accessible={true}
            isTVSelectable={true}
            onResponderGrant={[Function]}
            onResponderMove={[Function]}
            onResponderRelease={[Function]}
            onResponderTerminate={[Function]}
            onResponderTerminationRequest={[Function]}
            onStartShouldSetResponder={[Function]}
            style={null}
          >
            <View
              style={
                Array [
                  Object {
                    "borderBottomColor": "#C8C7CC",
                    "borderBottomWidth": 0.5,
                    "flex": 1,
                    "height": 44,
                    "justifyContent": "center",
                    "marginLeft": 15,
                    "paddingRight": 15,
                  },
                  Object {
                    "borderBottomWidth": 0,
                  },
                ]
              }
            >
              <Text
                style={
                  Array [
                    Object {
                      "color": "#000000",
                      "fontFamily": "System",
                      "fontWeight": "400",
                    },
                    Array [
                      Object {
                        "fontSize": 17,
                        "fontWeight": "400",
                        "lineHeight": 22,
                      },
                      Object {
                        "color": "#007AFF",
                      },
                      undefined,
                      undefined,
                    ],
                  ]
                }
              >
                Back up Manually
              </Text>
            </View>
          </View>
        </View>
        <Text
          style={
            Array [
              Object {
                "color": "#000000",
                "fontFamily": "System",
                "fontWeight": "400",
              },
              Object {
                "color": "#8A8A8F",
                "fontSize": 13,
                "lineHeight": 17,
                "marginBottom": 30,
                "marginTop": -25,
                "paddingLeft": 15,
                "paddingRight": 15,
              },
            ]
          }
        >
          Backing up your recovery key manually on a piece of paper is a good alternative in case you would lose access to your iCloud account, or if you don't want to store your key in iCloud.
        </Text>
      </View>
    </View>
  </RCTScrollView>
  <ErrorModalContainer />
</View>
`;
