// Jest Snapshot v1, https://goo.gl/fbAQLP

exports[`ShowMnemonicScreen renders correctly 1`] = `
<View
  style={
    Object {
      "alignSelf": "stretch",
      "backgroundColor": "#EFEFF3",
      "flex": 1,
    }
  }
>
  <RCTScrollView>
    <View>
      <View
        style={
          Object {
            "paddingTop": 35,
          }
        }
      >
        <View
          style={
            Array [
              Object {
                "backgroundColor": "white",
                "borderBottomColor": "#C8C8CC",
                "borderBottomWidth": 0.5,
                "borderTopColor": "#C8C8CC",
                "borderTopWidth": 0.5,
                "marginBottom": 35,
              },
              Object {
                "overflow": "hidden",
                "padding": 20,
              },
            ]
          }
        >
          <MnemonicWordsContainer
            blurStyle={
              Object {
                "bottom": -20,
                "left": -10,
                "right": -10,
                "top": -20,
              }
            }
            phrase=""
          />
        </View>
        <Text
          accessible={true}
          allowFontScaling={true}
          ellipsizeMode="tail"
          numberOfLines={undefined}
          style={
            Array [
              Object {
                "color": "#000000",
                "fontFamily": "System",
                "fontWeight": "400",
              },
              Object {
                "color": "#8A8A8F",
                "fontSize": 13,
                "lineHeight": 17,
                "marginBottom": 30,
                "marginTop": -25,
                "paddingLeft": 15,
                "paddingRight": 15,
              },
            ]
          }
        >
          Write down and store this recovery key in a safe place so you can recover your wallet if you would lose or break your phone.
        </Text>
        <View
          style={
            Array [
              Object {
                "backgroundColor": "white",
                "borderBottomColor": "#C8C8CC",
                "borderBottomWidth": 0.5,
                "borderTopColor": "#C8C8CC",
                "borderTopWidth": 0.5,
                "marginBottom": 35,
              },
              undefined,
            ]
          }
        >
          <View
            style={
              Array [
                Object {
                  "borderBottomColor": "#C8C7CC",
                  "borderBottomWidth": 0.5,
                  "flex": 1,
                  "height": 44,
                  "justifyContent": "center",
                  "marginLeft": 15,
                  "paddingRight": 15,
                },
                Object {
                  "borderBottomWidth": 0,
                },
              ]
            }
          >
            <Text
              accessible={true}
              allowFontScaling={true}
              ellipsizeMode="tail"
              numberOfLines={undefined}
              style={
                Array [
                  Object {
                    "color": "#000000",
                    "fontFamily": "System",
                    "fontWeight": "400",
                  },
                  Object {
                    "fontSize": 17,
                    "fontWeight": "400",
                    "lineHeight": 22,
                  },
                ]
              }
            >
              Back up in iCloud
            </Text>
            <View
              style={
                Array [
                  Object {
                    "backgroundColor": "transparent",
                    "color": "#8F8E94",
                    "fontSize": 17,
                    "fontWeight": "400",
                    "lineHeight": 22,
                    "position": "absolute",
                    "right": 15,
                    "textAlign": "right",
                    "width": 250,
                  },
                  Object {
                    "width": null,
                  },
                ]
              }
            >
              <RCTSwitch
                disabled={false}
                onChange={[Function]}
                onResponderTerminationRequest={[Function]}
                onStartShouldSetResponder={[Function]}
                onValueChange={[Function]}
                style={
                  Array [
                    Object {
                      "height": 31,
                      "width": 51,
                    },
                    undefined,
                  ]
                }
                value={false}
              />
            </View>
          </View>
        </View>
        <Text
          accessible={true}
          allowFontScaling={true}
          ellipsizeMode="tail"
          numberOfLines={undefined}
          style={
            Array [
              Object {
                "color": "#000000",
                "fontFamily": "System",
                "fontWeight": "400",
              },
              Object {
                "color": "#8A8A8F",
                "fontSize": 13,
                "lineHeight": 17,
                "marginBottom": 30,
                "marginTop": -25,
                "paddingLeft": 15,
                "paddingRight": 15,
              },
            ]
          }
        >
          Saving your recovery key in your iCloud account is potentially less secure than writing it down and storing it yourself.
        </Text>
      </View>
    </View>
  </RCTScrollView>
  <ErrorModalContainer />
</View>
`;
