// Jest Snapshot v1, https://goo.gl/fbAQLP

exports[`ShowMnemonicScreen renders correctly 1`] = `
<View
  style={
    Object {
      "alignSelf": "stretch",
      "backgroundColor": "#EFEFF4",
      "flex": 1,
    }
  }
>
  <RCTScrollView>
    <View>
      <View
        style={
          Object {
            "paddingTop": 30,
          }
        }
      >
        <View
          style={
            Array [
              Object {
                "backgroundColor": "white",
                "borderBottomColor": "#C8C8CC",
                "borderBottomWidth": 0.5,
                "borderTopColor": "#C8C8CC",
                "borderTopWidth": 0.5,
                "marginBottom": 30,
              },
              Object {
                "padding": 20,
              },
            ]
          }
        >
          <View
            style={
              Array [
                Object {
                  "alignItems": "center",
                  "flexDirection": "row",
                  "flexWrap": "wrap",
                  "justifyContent": "center",
                },
                undefined,
              ]
            }
          >
            <View
              style={
                Object {
                  "padding": 4,
                  "width": "49%",
                }
              }
            >
              <View
                style={
                  Object {
                    "backgroundColor": "#F8F8F8",
                    "borderColor": "#DADADA",
                    "borderRadius": 30,
                    "borderWidth": 1,
                    "padding": 11,
                    "paddingLeft": 12,
                  }
                }
              >
                <Text
                  accessible={true}
                  allowFontScaling={true}
                  ellipsizeMode="tail"
                  numberOfLines={undefined}
                  style={
                    Array [
                      Object {
                        "color": "#000000",
                        "fontFamily": "System",
                        "fontWeight": "400",
                      },
                      Object {
                        "color": "#999999",
                        "fontSize": 11,
                        "fontWeight": "bold",
                        "left": 5,
                        "position": "absolute",
                        "textAlign": "right",
                        "top": 11,
                        "width": 20,
                      },
                    ]
                  }
                >
                  1
                  .
                </Text>
                <Text
                  accessible={true}
                  allowFontScaling={true}
                  ellipsizeMode="tail"
                  numberOfLines={undefined}
                  style={
                    Array [
                      Object {
                        "color": "#000000",
                        "fontFamily": "System",
                        "fontWeight": "400",
                      },
                      Object {
                        "color": "#999999",
                        "fontFamily": "Menlo-Regular",
                        "fontSize": 11,
                        "paddingLeft": 17,
                      },
                    ]
                  }
                >
                  
                </Text>
              </View>
            </View>
            <View
              blurAmount={5}
              blurType="light"
              style={
                Object {
                  "bottom": -50,
                  "left": -10,
                  "position": "absolute",
                  "right": -10,
                  "top": -50,
                }
              }
            />
            <View
              accessibilityComponentType={undefined}
              accessibilityLabel={undefined}
              accessibilityTraits={undefined}
              accessible={true}
              collapsable={undefined}
              hasTVPreferredFocus={undefined}
              hitSlop={undefined}
              isTVSelectable={true}
              nativeID={undefined}
              onLayout={undefined}
              onResponderGrant={[Function]}
              onResponderMove={[Function]}
              onResponderRelease={[Function]}
              onResponderTerminate={[Function]}
              onResponderTerminationRequest={[Function]}
              onStartShouldSetResponder={[Function]}
              style={
                Object {
                  "alignItems": "center",
                  "opacity": 1,
                  "position": "absolute",
                }
              }
              testID={undefined}
              tvParallaxProperties={undefined}
            >
              <View
                style={
                  Object {
                    "alignItems": "center",
                  }
                }
              >
                <Text
                  accessible={true}
                  allowFontScaling={false}
                  ellipsizeMode="tail"
                  style={
                    Array [
                      Object {
                        "color": undefined,
                        "fontSize": 12,
                      },
                      Object {
                        "color": "#007AFF",
                        "fontSize": 48,
                      },
                      Object {
                        "fontFamily": "Ionicons",
                        "fontStyle": "normal",
                        "fontWeight": "normal",
                      },
                    ]
                  }
                >
                  
                </Text>
                <Text
                  accessible={true}
                  allowFontScaling={true}
                  ellipsizeMode="tail"
                  numberOfLines={undefined}
                  style={
                    Array [
                      Object {
                        "color": "#000000",
                        "fontFamily": "System",
                        "fontWeight": "400",
                      },
                      Object {
                        "color": "#007AFF",
                      },
                    ]
                  }
                >
                  Reveal Recovery Key
                </Text>
              </View>
            </View>
          </View>
        </View>
        <Text
          accessible={true}
          allowFontScaling={true}
          ellipsizeMode="tail"
          numberOfLines={undefined}
          style={
            Array [
              Object {
                "color": "#000000",
                "fontFamily": "System",
                "fontWeight": "400",
              },
              Object {
                "color": "#8A8A8F",
                "fontSize": 13,
                "lineHeight": 17,
                "marginBottom": 30,
                "marginTop": -20,
                "paddingLeft": 15,
                "paddingRight": 15,
              },
            ]
          }
        >
          Write down and store this recovery key in a safe place so you can recover your wallet if you lose or break your phone.
        </Text>
      </View>
    </View>
  </RCTScrollView>
  <ErrorModalContainer />
</View>
`;
