// Jest Snapshot v1, https://goo.gl/fbAQLP

exports[`TermsAndConditionsScreen renders correctly 1`] = `
<View
  style={
    Object {
      "alignSelf": "stretch",
      "backgroundColor": "#EFEFF3",
      "flex": 1,
    }
  }
>
  <RCTScrollView>
    <View>
      <View
        style={
          Object {
            "paddingTop": 35,
          }
        }
      >
        <View
          style={
            Array [
              Object {
                "backgroundColor": "white",
                "borderBottomColor": "#C8C8CC",
                "borderBottomWidth": 0.5,
                "borderTopColor": "#C8C8CC",
                "borderTopWidth": 0.5,
                "marginBottom": 35,
              },
              Object {
                "padding": 20,
                "paddingTop": 35,
              },
            ]
          }
        >
          <View
            style={
              Object {
                "flex": 1,
                "flexDirection": "row",
                "flexWrap": "wrap",
              }
            }
          >
            <Text
              style={
                Array [
                  Object {
                    "color": "#000000",
                    "fontFamily": "System",
                    "fontWeight": "400",
                  },
                  Array [
                    Object {
                      "color": "#AAAAAA",
                      "fontSize": 15,
                      "fontWeight": "400",
                      "letterSpacing": -0.24,
                      "lineHeight": 21,
                      "marginBottom": 20,
                    },
                    Object {
                      "color": "#000000",
                      "fontSize": 13,
                      "letterSpacing": -0.08,
                      "lineHeight": 15,
                      "marginBottom": 15,
                    },
                  ],
                ]
              }
            >
              Last updated: October 11, 2018
            </Text>
            <Text
              style={
                Array [
                  Object {
                    "color": "#000000",
                    "fontFamily": "System",
                    "fontWeight": "400",
                  },
                  Array [
                    Object {
                      "color": "#AAAAAA",
                      "fontSize": 15,
                      "fontWeight": "400",
                      "letterSpacing": -0.24,
                      "lineHeight": 21,
                      "marginBottom": 20,
                    },
                    Object {
                      "color": "#000000",
                      "fontSize": 13,
                      "letterSpacing": -0.08,
                      "lineHeight": 15,
                      "marginBottom": 15,
                    },
                  ],
                ]
              }
            >
              These Terms and Conditions ("Terms", "Terms and Conditions") govern your relationship with Payla mobile application (the "Service") operated by Blockfirm AB ("us", "we", or "our").
            </Text>
            <Text
              style={
                Array [
                  Object {
                    "color": "#000000",
                    "fontFamily": "System",
                    "fontWeight": "400",
                  },
                  Array [
                    Object {
                      "color": "#AAAAAA",
                      "fontSize": 15,
                      "fontWeight": "400",
                      "letterSpacing": -0.24,
                      "lineHeight": 21,
                      "marginBottom": 20,
                    },
                    Object {
                      "color": "#000000",
                      "fontSize": 13,
                      "letterSpacing": -0.08,
                      "lineHeight": 15,
                      "marginBottom": 15,
                    },
                  ],
                ]
              }
            >
              Please read these Terms and Conditions carefully before using our Payla mobile application (the "Service").
            </Text>
            <Text
              style={
                Array [
                  Object {
                    "color": "#000000",
                    "fontFamily": "System",
                    "fontWeight": "400",
                  },
                  Array [
                    Object {
                      "color": "#AAAAAA",
                      "fontSize": 15,
                      "fontWeight": "400",
                      "letterSpacing": -0.24,
                      "lineHeight": 21,
                      "marginBottom": 20,
                    },
                    Object {
                      "color": "#000000",
                      "fontSize": 13,
                      "letterSpacing": -0.08,
                      "lineHeight": 15,
                      "marginBottom": 15,
                    },
                  ],
                ]
              }
            >
              Your access to and use of the Service is conditioned on your acceptance of and compliance with these Terms. These Terms apply to all visitors, users and others who access or use the Service.
            </Text>
            <Text
              style={
                Array [
                  Object {
                    "color": "#000000",
                    "fontFamily": "System",
                    "fontWeight": "400",
                  },
                  Array [
                    Object {
                      "color": "#AAAAAA",
                      "fontSize": 15,
                      "fontWeight": "400",
                      "letterSpacing": -0.24,
                      "lineHeight": 21,
                      "marginBottom": 20,
                    },
                    Object {
                      "color": "#000000",
                      "fontSize": 13,
                      "letterSpacing": -0.08,
                      "lineHeight": 15,
                      "marginBottom": 15,
                    },
                  ],
                ]
              }
            >
              By accessing or using the Service you agree to be bound by these Terms. If you disagree with any part of the terms then you may not access the Service.
            </Text>
          </View>
          <Text
            style={
              Array [
                Object {
                  "color": "#000000",
                  "fontFamily": "System",
                  "fontWeight": "400",
                },
                Array [
                  Object {
                    "color": "#26203D",
                    "fontSize": 18,
                    "fontWeight": "600",
                    "letterSpacing": 0.36,
                    "marginBottom": 10,
                    "textAlign": "center",
                  },
                  Object {
                    "color": "#000000",
                    "fontSize": 13,
                    "fontWeight": "600",
                    "letterSpacing": -0.08,
                    "lineHeight": 15,
                    "marginTop": 10,
                    "textAlign": "left",
                  },
                ],
              ]
            }
          >
            Intellectual Property
          </Text>
          <View
            style={
              Object {
                "flex": 1,
                "flexDirection": "row",
                "flexWrap": "wrap",
              }
            }
          >
            <Text
              style={
                Array [
                  Object {
                    "color": "#000000",
                    "fontFamily": "System",
                    "fontWeight": "400",
                  },
                  Array [
                    Object {
                      "color": "#AAAAAA",
                      "fontSize": 15,
                      "fontWeight": "400",
                      "letterSpacing": -0.24,
                      "lineHeight": 21,
                      "marginBottom": 20,
                    },
                    Object {
                      "color": "#000000",
                      "fontSize": 13,
                      "letterSpacing": -0.08,
                      "lineHeight": 15,
                      "marginBottom": 15,
                    },
                  ],
                ]
              }
            >
              The Service and its original content, features and functionality are and will remain the exclusive property of Blockfirm AB and its licensors. The Service is protected by copyright, trademark, and other laws of both Sweden and foreign countries.
            </Text>
          </View>
          <Text
            style={
              Array [
                Object {
                  "color": "#000000",
                  "fontFamily": "System",
                  "fontWeight": "400",
                },
                Array [
                  Object {
                    "color": "#26203D",
                    "fontSize": 18,
                    "fontWeight": "600",
                    "letterSpacing": 0.36,
                    "marginBottom": 10,
                    "textAlign": "center",
                  },
                  Object {
                    "color": "#000000",
                    "fontSize": 13,
                    "fontWeight": "600",
                    "letterSpacing": -0.08,
                    "lineHeight": 15,
                    "marginTop": 10,
                    "textAlign": "left",
                  },
                ],
              ]
            }
          >
            Links To Other Web Sites
          </Text>
          <View
            style={
              Object {
                "flex": 1,
                "flexDirection": "row",
                "flexWrap": "wrap",
              }
            }
          >
            <Text
              style={
                Array [
                  Object {
                    "color": "#000000",
                    "fontFamily": "System",
                    "fontWeight": "400",
                  },
                  Array [
                    Object {
                      "color": "#AAAAAA",
                      "fontSize": 15,
                      "fontWeight": "400",
                      "letterSpacing": -0.24,
                      "lineHeight": 21,
                      "marginBottom": 20,
                    },
                    Object {
                      "color": "#000000",
                      "fontSize": 13,
                      "letterSpacing": -0.08,
                      "lineHeight": 15,
                      "marginBottom": 15,
                    },
                  ],
                ]
              }
            >
              Our Service may contain links to third-party web sites or services that are not owned or controlled by Blockfirm AB.
            </Text>
            <Text
              style={
                Array [
                  Object {
                    "color": "#000000",
                    "fontFamily": "System",
                    "fontWeight": "400",
                  },
                  Array [
                    Object {
                      "color": "#AAAAAA",
                      "fontSize": 15,
                      "fontWeight": "400",
                      "letterSpacing": -0.24,
                      "lineHeight": 21,
                      "marginBottom": 20,
                    },
                    Object {
                      "color": "#000000",
                      "fontSize": 13,
                      "letterSpacing": -0.08,
                      "lineHeight": 15,
                      "marginBottom": 15,
                    },
                  ],
                ]
              }
            >
              Blockfirm AB has no control over, and assumes no responsibility for, the content, privacy policies, or practices of any third party web sites or services. You further acknowledge and agree that Blockfirm AB shall not be responsible or liable, directly or indirectly, for any damage or loss caused or alleged to be caused by or in connection with use of or reliance on any such content, goods or services available on or through any such web sites or services.
            </Text>
            <Text
              style={
                Array [
                  Object {
                    "color": "#000000",
                    "fontFamily": "System",
                    "fontWeight": "400",
                  },
                  Array [
                    Object {
                      "color": "#AAAAAA",
                      "fontSize": 15,
                      "fontWeight": "400",
                      "letterSpacing": -0.24,
                      "lineHeight": 21,
                      "marginBottom": 20,
                    },
                    Object {
                      "color": "#000000",
                      "fontSize": 13,
                      "letterSpacing": -0.08,
                      "lineHeight": 15,
                      "marginBottom": 15,
                    },
                  ],
                ]
              }
            >
              We strongly advise you to read the terms and conditions and privacy policies of any third-party web sites or services that you visit.
            </Text>
          </View>
          <Text
            style={
              Array [
                Object {
                  "color": "#000000",
                  "fontFamily": "System",
                  "fontWeight": "400",
                },
                Array [
                  Object {
                    "color": "#26203D",
                    "fontSize": 18,
                    "fontWeight": "600",
                    "letterSpacing": 0.36,
                    "marginBottom": 10,
                    "textAlign": "center",
                  },
                  Object {
                    "color": "#000000",
                    "fontSize": 13,
                    "fontWeight": "600",
                    "letterSpacing": -0.08,
                    "lineHeight": 15,
                    "marginTop": 10,
                    "textAlign": "left",
                  },
                ],
              ]
            }
          >
            Limitation Of Liability
          </Text>
          <View
            style={
              Object {
                "flex": 1,
                "flexDirection": "row",
                "flexWrap": "wrap",
              }
            }
          >
            <Text
              style={
                Array [
                  Object {
                    "color": "#000000",
                    "fontFamily": "System",
                    "fontWeight": "400",
                  },
                  Array [
                    Object {
                      "color": "#AAAAAA",
                      "fontSize": 15,
                      "fontWeight": "400",
                      "letterSpacing": -0.24,
                      "lineHeight": 21,
                      "marginBottom": 20,
                    },
                    Object {
                      "color": "#000000",
                      "fontSize": 13,
                      "letterSpacing": -0.08,
                      "lineHeight": 15,
                      "marginBottom": 15,
                    },
                  ],
                ]
              }
            >
              In no event shall Blockfirm AB, nor its directors, employees, partners, agents, suppliers, or affiliates, be liable for any indirect, incidental, special, consequential or punitive damages, including without limitation, loss of profits, data, use, goodwill, or other intangible losses, resulting from (i) your access to or use of or inability to access or use the Service; (ii) any conduct or content of any third party on the Service; (iii) any content obtained from the Service; and (iv) unauthorized access, use or alteration of your transmissions or content, whether based on warranty, contract, tort (including negligence) or any other legal theory, whether or not we have been informed of the possibility of such damage, and even if a remedy set forth herein is found to have failed of its essential purpose.
            </Text>
          </View>
          <Text
            style={
              Array [
                Object {
                  "color": "#000000",
                  "fontFamily": "System",
                  "fontWeight": "400",
                },
                Array [
                  Object {
                    "color": "#26203D",
                    "fontSize": 18,
                    "fontWeight": "600",
                    "letterSpacing": 0.36,
                    "marginBottom": 10,
                    "textAlign": "center",
                  },
                  Object {
                    "color": "#000000",
                    "fontSize": 13,
                    "fontWeight": "600",
                    "letterSpacing": -0.08,
                    "lineHeight": 15,
                    "marginTop": 10,
                    "textAlign": "left",
                  },
                ],
              ]
            }
          >
            Disclaimer
          </Text>
          <View
            style={
              Object {
                "flex": 1,
                "flexDirection": "row",
                "flexWrap": "wrap",
              }
            }
          >
            <Text
              style={
                Array [
                  Object {
                    "color": "#000000",
                    "fontFamily": "System",
                    "fontWeight": "400",
                  },
                  Array [
                    Object {
                      "color": "#AAAAAA",
                      "fontSize": 15,
                      "fontWeight": "400",
                      "letterSpacing": -0.24,
                      "lineHeight": 21,
                      "marginBottom": 20,
                    },
                    Object {
                      "color": "#000000",
                      "fontSize": 13,
                      "letterSpacing": -0.08,
                      "lineHeight": 15,
                      "marginBottom": 15,
                    },
                  ],
                ]
              }
            >
              Your use of the Service is at your sole risk. The Service is provided on an "AS IS" and "AS AVAILABLE" basis. The Service is provided without warranties of any kind, whether express or implied, including, but not limited to, implied warranties of merchantability, fitness for a particular purpose, non- infringement or course of performance.
            </Text>
            <Text
              style={
                Array [
                  Object {
                    "color": "#000000",
                    "fontFamily": "System",
                    "fontWeight": "400",
                  },
                  Array [
                    Object {
                      "color": "#AAAAAA",
                      "fontSize": 15,
                      "fontWeight": "400",
                      "letterSpacing": -0.24,
                      "lineHeight": 21,
                      "marginBottom": 20,
                    },
                    Object {
                      "color": "#000000",
                      "fontSize": 13,
                      "letterSpacing": -0.08,
                      "lineHeight": 15,
                      "marginBottom": 15,
                    },
                  ],
                ]
              }
            >
              Blockfirm AB its subsidiaries, affiliates, and its licensors do not warrant that a) the Service will function uninterrupted, secure or available at any particular time or location; b) any errors or defects will be corrected; c) the Service is free of viruses or other harmful components; or d) the results of using the Service will meet your requirements.
            </Text>
          </View>
          <Text
            style={
              Array [
                Object {
                  "color": "#000000",
                  "fontFamily": "System",
                  "fontWeight": "400",
                },
                Array [
                  Object {
                    "color": "#26203D",
                    "fontSize": 18,
                    "fontWeight": "600",
                    "letterSpacing": 0.36,
                    "marginBottom": 10,
                    "textAlign": "center",
                  },
                  Object {
                    "color": "#000000",
                    "fontSize": 13,
                    "fontWeight": "600",
                    "letterSpacing": -0.08,
                    "lineHeight": 15,
                    "marginTop": 10,
                    "textAlign": "left",
                  },
                ],
              ]
            }
          >
            Governing Law
          </Text>
          <View
            style={
              Object {
                "flex": 1,
                "flexDirection": "row",
                "flexWrap": "wrap",
              }
            }
          >
            <Text
              style={
                Array [
                  Object {
                    "color": "#000000",
                    "fontFamily": "System",
                    "fontWeight": "400",
                  },
                  Array [
                    Object {
                      "color": "#AAAAAA",
                      "fontSize": 15,
                      "fontWeight": "400",
                      "letterSpacing": -0.24,
                      "lineHeight": 21,
                      "marginBottom": 20,
                    },
                    Object {
                      "color": "#000000",
                      "fontSize": 13,
                      "letterSpacing": -0.08,
                      "lineHeight": 15,
                      "marginBottom": 15,
                    },
                  ],
                ]
              }
            >
              These Terms shall be governed and construed in accordance with the laws of Sweden, without regard to its conflict of law provisions.
            </Text>
            <Text
              style={
                Array [
                  Object {
                    "color": "#000000",
                    "fontFamily": "System",
                    "fontWeight": "400",
                  },
                  Array [
                    Object {
                      "color": "#AAAAAA",
                      "fontSize": 15,
                      "fontWeight": "400",
                      "letterSpacing": -0.24,
                      "lineHeight": 21,
                      "marginBottom": 20,
                    },
                    Object {
                      "color": "#000000",
                      "fontSize": 13,
                      "letterSpacing": -0.08,
                      "lineHeight": 15,
                      "marginBottom": 15,
                    },
                  ],
                ]
              }
            >
              Our failure to enforce any right or provision of these Terms will not be considered a waiver of those rights. If any provision of these Terms is held to be invalid or unenforceable by a court, the remaining provisions of these Terms will remain in effect. These Terms constitute the entire agreement between us regarding our Service, and supersede and replace any prior agreements we might have between us regarding the Service.
            </Text>
          </View>
          <Text
            style={
              Array [
                Object {
                  "color": "#000000",
                  "fontFamily": "System",
                  "fontWeight": "400",
                },
                Array [
                  Object {
                    "color": "#26203D",
                    "fontSize": 18,
                    "fontWeight": "600",
                    "letterSpacing": 0.36,
                    "marginBottom": 10,
                    "textAlign": "center",
                  },
                  Object {
                    "color": "#000000",
                    "fontSize": 13,
                    "fontWeight": "600",
                    "letterSpacing": -0.08,
                    "lineHeight": 15,
                    "marginTop": 10,
                    "textAlign": "left",
                  },
                ],
              ]
            }
          >
            Changes
          </Text>
          <View
            style={
              Object {
                "flex": 1,
                "flexDirection": "row",
                "flexWrap": "wrap",
              }
            }
          >
            <Text
              style={
                Array [
                  Object {
                    "color": "#000000",
                    "fontFamily": "System",
                    "fontWeight": "400",
                  },
                  Array [
                    Object {
                      "color": "#AAAAAA",
                      "fontSize": 15,
                      "fontWeight": "400",
                      "letterSpacing": -0.24,
                      "lineHeight": 21,
                      "marginBottom": 20,
                    },
                    Object {
                      "color": "#000000",
                      "fontSize": 13,
                      "letterSpacing": -0.08,
                      "lineHeight": 15,
                      "marginBottom": 15,
                    },
                  ],
                ]
              }
            >
              We reserve the right, at our sole discretion, to modify or replace these Terms at any time. If a revision is material we will try to provide at least 30 days notice prior to any new terms taking effect. What constitutes a material change will be determined at our sole discretion.
            </Text>
            <Text
              style={
                Array [
                  Object {
                    "color": "#000000",
                    "fontFamily": "System",
                    "fontWeight": "400",
                  },
                  Array [
                    Object {
                      "color": "#AAAAAA",
                      "fontSize": 15,
                      "fontWeight": "400",
                      "letterSpacing": -0.24,
                      "lineHeight": 21,
                      "marginBottom": 20,
                    },
                    Object {
                      "color": "#000000",
                      "fontSize": 13,
                      "letterSpacing": -0.08,
                      "lineHeight": 15,
                      "marginBottom": 15,
                    },
                  ],
                ]
              }
            >
              By continuing to access or use our Service after those revisions become effective, you agree to be bound by the revised terms. If you do not agree to the new terms, please stop using the Service.
            </Text>
          </View>
          <Text
            style={
              Array [
                Object {
                  "color": "#000000",
                  "fontFamily": "System",
                  "fontWeight": "400",
                },
                Array [
                  Object {
                    "color": "#26203D",
                    "fontSize": 18,
                    "fontWeight": "600",
                    "letterSpacing": 0.36,
                    "marginBottom": 10,
                    "textAlign": "center",
                  },
                  Object {
                    "color": "#000000",
                    "fontSize": 13,
                    "fontWeight": "600",
                    "letterSpacing": -0.08,
                    "lineHeight": 15,
                    "marginTop": 10,
                    "textAlign": "left",
                  },
                ],
              ]
            }
          >
            Contact Us
          </Text>
          <View
            style={
              Object {
                "flex": 1,
                "flexDirection": "row",
                "flexWrap": "wrap",
              }
            }
          >
            <Text
              style={
                Array [
                  Object {
                    "color": "#000000",
                    "fontFamily": "System",
                    "fontWeight": "400",
                  },
                  Array [
                    Object {
                      "color": "#AAAAAA",
                      "fontSize": 15,
                      "fontWeight": "400",
                      "letterSpacing": -0.24,
                      "lineHeight": 21,
                      "marginBottom": 20,
                    },
                    Object {
                      "color": "#000000",
                      "fontSize": 13,
                      "letterSpacing": -0.08,
                      "lineHeight": 15,
                      "marginBottom": 15,
                    },
                  ],
                ]
              }
            >
              If you have any questions about these Terms, please contact us.
            </Text>
          </View>
        </View>
      </View>
    </View>
  </RCTScrollView>
  <ErrorModalContainer />
</View>
`;
