// Jest Snapshot v1, https://goo.gl/fbAQLP

exports[`BackButton renders correctly 1`] = `
<View
  accessible={true}
  clickable={false}
  isTVSelectable={true}
  onClick={[Function]}
  onResponderGrant={[Function]}
  onResponderMove={[Function]}
  onResponderRelease={[Function]}
  onResponderTerminate={[Function]}
  onResponderTerminationRequest={[Function]}
  onStartShouldSetResponder={[Function]}
  style={
    Object {
      "left": 5,
      "opacity": 1,
      "position": "absolute",
    }
  }
>
  <View
    style={
      Array [
        Object {
          "padding": 10,
        },
        undefined,
      ]
    }
  >
    <Image
      source={
        Object {
          "testUri": "../../../src/images/icons/Back.png",
        }
      }
      style={
        Object {
          "height": 17,
          "width": 10,
        }
      }
    />
  </View>
</View>
`;
