// Jest Snapshot v1, https://goo.gl/fbAQLP

exports[`DoneButton renders correctly 1`] = `
<View
  accessible={true}
  focusable={false}
  isTVSelectable={true}
  onClick={[Function]}
  onResponderGrant={[Function]}
  onResponderMove={[Function]}
  onResponderRelease={[Function]}
  onResponderTerminate={[Function]}
  onResponderTerminationRequest={[Function]}
  onStartShouldSetResponder={[Function]}
  style={
    Object {
      "opacity": 1,
      "padding": 10,
      "paddingRight": 16,
    }
  }
>
  <Text>
    <Text
      style={
        Array [
          Object {
            "color": "#000000",
            "fontFamily": "System",
            "fontWeight": "400",
          },
          Object {
            "color": "#007AFF",
            "fontSize": 17,
            "fontWeight": "600",
            "letterSpacing": 0.1,
          },
        ]
      }
    >
      Done
    </Text>
  </Text>
</View>
`;
