// Jest Snapshot v1, https://goo.gl/fbAQLP

exports[`DoneButton renders correctly 1`] = `
<View
  accessible={true}
  focusable={true}
  isTVSelectable={true}
  onClick={[Function]}
  onResponderGrant={[Function]}
  onResponderMove={[Function]}
  onResponderRelease={[Function]}
  onResponderTerminate={[Function]}
  onResponderTerminationRequest={[Function]}
  onStartShouldSetResponder={[Function]}
  style={
    Object {
      "opacity": 1,
      "padding": 10,
      "paddingRight": 16,
    }
  }
>
  <View>
    <Text
      style={
        Array [
          Object {
            "fontFamily": "System",
            "fontWeight": "400",
          },
          Object {
            "color": "#000000",
          },
          Array [
            Object {
              "fontSize": 17,
              "fontWeight": "600",
              "letterSpacing": 0.1,
            },
            Object {
              "color": "#007AFF",
            },
            undefined,
            undefined,
            Object {
              "opacity": 1,
            },
          ],
        ]
      }
    >
      Done
    </Text>
  </View>
</View>
`;
