// Jest Snapshot v1, https://goo.gl/fbAQLP

exports[`Footer renders correctly 1`] = `
<View
  style={
    Array [
      Object {
        "alignItems": "center",
        "backgroundColor": "transparent",
        "bottom": 0,
        "left": 40,
        "paddingBottom": 30,
        "position": "absolute",
        "right": 40,
      },
      Object {
        "backgroundColor": "#ffffff",
      },
      null,
      undefined,
    ]
  }
>
  <Text>
    0750eb7b-6bc0-4142-82e2-035068d50726
  </Text>
</View>
`;
