// Jest Snapshot v1, https://goo.gl/fbAQLP

exports[`Link renders correctly 1`] = `
<View
  accessible={true}
  isTVSelectable={true}
  onResponderGrant={[Function]}
  onResponderMove={[Function]}
  onResponderRelease={[Function]}
  onResponderTerminate={[Function]}
  onResponderTerminationRequest={[Function]}
  onStartShouldSetResponder={[Function]}
  style={
    Object {
      "opacity": 1,
      "padding": 15,
    }
  }
>
  <Text>
    <Text
      style={
        Array [
          Object {
            "color": "#000000",
            "fontFamily": "System",
            "fontWeight": "400",
          },
          Array [
            Object {
              "color": "#007AFF",
              "fontFamily": "System",
              "fontSize": 16,
              "fontWeight": "600",
              "letterSpacing": -0.41,
            },
            undefined,
          ],
        ]
      }
    >
      <Text>
        e80d5b55-cad9-4df9-9272-c0398592411b
      </Text>
    </Text>
  </Text>
</View>
`;
