// Jest Snapshot v1, https://goo.gl/fbAQLP

exports[`MnemonicWords renders correctly 1`] = `
<View
  style={
    Array [
      Object {
        "alignItems": "center",
        "flexDirection": "row",
        "flexWrap": "wrap",
        "justifyContent": "center",
      },
      undefined,
    ]
  }
>
  <View
    style={
      Object {
        "padding": 4,
        "width": "49%",
      }
    }
  >
    <View
      style={
        Object {
          "backgroundColor": "#F8F8F8",
          "borderColor": "#DADADA",
          "borderRadius": 30,
          "borderWidth": 1,
          "padding": 11,
          "paddingLeft": 12,
        }
      }
    >
      <Text
        accessible={true}
        allowFontScaling={true}
        ellipsizeMode="tail"
        numberOfLines={undefined}
        style={
          Array [
            Object {
              "color": "#000000",
              "fontFamily": "System",
              "fontWeight": "400",
            },
            Object {
              "color": "#999999",
              "fontSize": 11,
              "fontWeight": "bold",
              "left": 5,
              "position": "absolute",
              "textAlign": "right",
              "top": 11,
              "width": 20,
            },
          ]
        }
      >
        1
        .
      </Text>
      <Text
        accessible={true}
        allowFontScaling={true}
        ellipsizeMode="tail"
        numberOfLines={undefined}
        style={
          Array [
            Object {
              "color": "#000000",
              "fontFamily": "System",
              "fontWeight": "400",
            },
            Object {
              "color": "#999999",
              "fontFamily": "Menlo-Regular",
              "fontSize": 11,
              "paddingLeft": 17,
            },
          ]
        }
      >
        during
      </Text>
    </View>
  </View>
  <View
    style={
      Object {
        "padding": 4,
        "width": "49%",
      }
    }
  >
    <View
      style={
        Object {
          "backgroundColor": "#F8F8F8",
          "borderColor": "#DADADA",
          "borderRadius": 30,
          "borderWidth": 1,
          "padding": 11,
          "paddingLeft": 12,
        }
      }
    >
      <Text
        accessible={true}
        allowFontScaling={true}
        ellipsizeMode="tail"
        numberOfLines={undefined}
        style={
          Array [
            Object {
              "color": "#000000",
              "fontFamily": "System",
              "fontWeight": "400",
            },
            Object {
              "color": "#999999",
              "fontSize": 11,
              "fontWeight": "bold",
              "left": 5,
              "position": "absolute",
              "textAlign": "right",
              "top": 11,
              "width": 20,
            },
          ]
        }
      >
        2
        .
      </Text>
      <Text
        accessible={true}
        allowFontScaling={true}
        ellipsizeMode="tail"
        numberOfLines={undefined}
        style={
          Array [
            Object {
              "color": "#000000",
              "fontFamily": "System",
              "fontWeight": "400",
            },
            Object {
              "color": "#999999",
              "fontFamily": "Menlo-Regular",
              "fontSize": 11,
              "paddingLeft": 17,
            },
          ]
        }
      >
        bulb
      </Text>
    </View>
  </View>
  <View
    style={
      Object {
        "padding": 4,
        "width": "49%",
      }
    }
  >
    <View
      style={
        Object {
          "backgroundColor": "#F8F8F8",
          "borderColor": "#DADADA",
          "borderRadius": 30,
          "borderWidth": 1,
          "padding": 11,
          "paddingLeft": 12,
        }
      }
    >
      <Text
        accessible={true}
        allowFontScaling={true}
        ellipsizeMode="tail"
        numberOfLines={undefined}
        style={
          Array [
            Object {
              "color": "#000000",
              "fontFamily": "System",
              "fontWeight": "400",
            },
            Object {
              "color": "#999999",
              "fontSize": 11,
              "fontWeight": "bold",
              "left": 5,
              "position": "absolute",
              "textAlign": "right",
              "top": 11,
              "width": 20,
            },
          ]
        }
      >
        3
        .
      </Text>
      <Text
        accessible={true}
        allowFontScaling={true}
        ellipsizeMode="tail"
        numberOfLines={undefined}
        style={
          Array [
            Object {
              "color": "#000000",
              "fontFamily": "System",
              "fontWeight": "400",
            },
            Object {
              "color": "#999999",
              "fontFamily": "Menlo-Regular",
              "fontSize": 11,
              "paddingLeft": 17,
            },
          ]
        }
      >
        nominee
      </Text>
    </View>
  </View>
  <View
    style={
      Object {
        "padding": 4,
        "width": "49%",
      }
    }
  >
    <View
      style={
        Object {
          "backgroundColor": "#F8F8F8",
          "borderColor": "#DADADA",
          "borderRadius": 30,
          "borderWidth": 1,
          "padding": 11,
          "paddingLeft": 12,
        }
      }
    >
      <Text
        accessible={true}
        allowFontScaling={true}
        ellipsizeMode="tail"
        numberOfLines={undefined}
        style={
          Array [
            Object {
              "color": "#000000",
              "fontFamily": "System",
              "fontWeight": "400",
            },
            Object {
              "color": "#999999",
              "fontSize": 11,
              "fontWeight": "bold",
              "left": 5,
              "position": "absolute",
              "textAlign": "right",
              "top": 11,
              "width": 20,
            },
          ]
        }
      >
        4
        .
      </Text>
      <Text
        accessible={true}
        allowFontScaling={true}
        ellipsizeMode="tail"
        numberOfLines={undefined}
        style={
          Array [
            Object {
              "color": "#000000",
              "fontFamily": "System",
              "fontWeight": "400",
            },
            Object {
              "color": "#999999",
              "fontFamily": "Menlo-Regular",
              "fontSize": 11,
              "paddingLeft": 17,
            },
          ]
        }
      >
        acquire
      </Text>
    </View>
  </View>
  <View
    style={
      Object {
        "padding": 4,
        "width": "49%",
      }
    }
  >
    <View
      style={
        Object {
          "backgroundColor": "#F8F8F8",
          "borderColor": "#DADADA",
          "borderRadius": 30,
          "borderWidth": 1,
          "padding": 11,
          "paddingLeft": 12,
        }
      }
    >
      <Text
        accessible={true}
        allowFontScaling={true}
        ellipsizeMode="tail"
        numberOfLines={undefined}
        style={
          Array [
            Object {
              "color": "#000000",
              "fontFamily": "System",
              "fontWeight": "400",
            },
            Object {
              "color": "#999999",
              "fontSize": 11,
              "fontWeight": "bold",
              "left": 5,
              "position": "absolute",
              "textAlign": "right",
              "top": 11,
              "width": 20,
            },
          ]
        }
      >
        5
        .
      </Text>
      <Text
        accessible={true}
        allowFontScaling={true}
        ellipsizeMode="tail"
        numberOfLines={undefined}
        style={
          Array [
            Object {
              "color": "#000000",
              "fontFamily": "System",
              "fontWeight": "400",
            },
            Object {
              "color": "#999999",
              "fontFamily": "Menlo-Regular",
              "fontSize": 11,
              "paddingLeft": 17,
            },
          ]
        }
      >
        paddle
      </Text>
    </View>
  </View>
  <View
    style={
      Object {
        "padding": 4,
        "width": "49%",
      }
    }
  >
    <View
      style={
        Object {
          "backgroundColor": "#F8F8F8",
          "borderColor": "#DADADA",
          "borderRadius": 30,
          "borderWidth": 1,
          "padding": 11,
          "paddingLeft": 12,
        }
      }
    >
      <Text
        accessible={true}
        allowFontScaling={true}
        ellipsizeMode="tail"
        numberOfLines={undefined}
        style={
          Array [
            Object {
              "color": "#000000",
              "fontFamily": "System",
              "fontWeight": "400",
            },
            Object {
              "color": "#999999",
              "fontSize": 11,
              "fontWeight": "bold",
              "left": 5,
              "position": "absolute",
              "textAlign": "right",
              "top": 11,
              "width": 20,
            },
          ]
        }
      >
        6
        .
      </Text>
      <Text
        accessible={true}
        allowFontScaling={true}
        ellipsizeMode="tail"
        numberOfLines={undefined}
        style={
          Array [
            Object {
              "color": "#000000",
              "fontFamily": "System",
              "fontWeight": "400",
            },
            Object {
              "color": "#999999",
              "fontFamily": "Menlo-Regular",
              "fontSize": 11,
              "paddingLeft": 17,
            },
          ]
        }
      >
        next
      </Text>
    </View>
  </View>
  <View
    style={
      Object {
        "padding": 4,
        "width": "49%",
      }
    }
  >
    <View
      style={
        Object {
          "backgroundColor": "#F8F8F8",
          "borderColor": "#DADADA",
          "borderRadius": 30,
          "borderWidth": 1,
          "padding": 11,
          "paddingLeft": 12,
        }
      }
    >
      <Text
        accessible={true}
        allowFontScaling={true}
        ellipsizeMode="tail"
        numberOfLines={undefined}
        style={
          Array [
            Object {
              "color": "#000000",
              "fontFamily": "System",
              "fontWeight": "400",
            },
            Object {
              "color": "#999999",
              "fontSize": 11,
              "fontWeight": "bold",
              "left": 5,
              "position": "absolute",
              "textAlign": "right",
              "top": 11,
              "width": 20,
            },
          ]
        }
      >
        7
        .
      </Text>
      <Text
        accessible={true}
        allowFontScaling={true}
        ellipsizeMode="tail"
        numberOfLines={undefined}
        style={
          Array [
            Object {
              "color": "#000000",
              "fontFamily": "System",
              "fontWeight": "400",
            },
            Object {
              "color": "#999999",
              "fontFamily": "Menlo-Regular",
              "fontSize": 11,
              "paddingLeft": 17,
            },
          ]
        }
      >
        course
      </Text>
    </View>
  </View>
  <View
    style={
      Object {
        "padding": 4,
        "width": "49%",
      }
    }
  >
    <View
      style={
        Object {
          "backgroundColor": "#F8F8F8",
          "borderColor": "#DADADA",
          "borderRadius": 30,
          "borderWidth": 1,
          "padding": 11,
          "paddingLeft": 12,
        }
      }
    >
      <Text
        accessible={true}
        allowFontScaling={true}
        ellipsizeMode="tail"
        numberOfLines={undefined}
        style={
          Array [
            Object {
              "color": "#000000",
              "fontFamily": "System",
              "fontWeight": "400",
            },
            Object {
              "color": "#999999",
              "fontSize": 11,
              "fontWeight": "bold",
              "left": 5,
              "position": "absolute",
              "textAlign": "right",
              "top": 11,
              "width": 20,
            },
          ]
        }
      >
        8
        .
      </Text>
      <Text
        accessible={true}
        allowFontScaling={true}
        ellipsizeMode="tail"
        numberOfLines={undefined}
        style={
          Array [
            Object {
              "color": "#000000",
              "fontFamily": "System",
              "fontWeight": "400",
            },
            Object {
              "color": "#999999",
              "fontFamily": "Menlo-Regular",
              "fontSize": 11,
              "paddingLeft": 17,
            },
          ]
        }
      >
        stable
      </Text>
    </View>
  </View>
  <View
    style={
      Object {
        "padding": 4,
        "width": "49%",
      }
    }
  >
    <View
      style={
        Object {
          "backgroundColor": "#F8F8F8",
          "borderColor": "#DADADA",
          "borderRadius": 30,
          "borderWidth": 1,
          "padding": 11,
          "paddingLeft": 12,
        }
      }
    >
      <Text
        accessible={true}
        allowFontScaling={true}
        ellipsizeMode="tail"
        numberOfLines={undefined}
        style={
          Array [
            Object {
              "color": "#000000",
              "fontFamily": "System",
              "fontWeight": "400",
            },
            Object {
              "color": "#999999",
              "fontSize": 11,
              "fontWeight": "bold",
              "left": 5,
              "position": "absolute",
              "textAlign": "right",
              "top": 11,
              "width": 20,
            },
          ]
        }
      >
        9
        .
      </Text>
      <Text
        accessible={true}
        allowFontScaling={true}
        ellipsizeMode="tail"
        numberOfLines={undefined}
        style={
          Array [
            Object {
              "color": "#000000",
              "fontFamily": "System",
              "fontWeight": "400",
            },
            Object {
              "color": "#999999",
              "fontFamily": "Menlo-Regular",
              "fontSize": 11,
              "paddingLeft": 17,
            },
          ]
        }
      >
        govern
      </Text>
    </View>
  </View>
  <View
    style={
      Object {
        "padding": 4,
        "width": "49%",
      }
    }
  >
    <View
      style={
        Object {
          "backgroundColor": "#F8F8F8",
          "borderColor": "#DADADA",
          "borderRadius": 30,
          "borderWidth": 1,
          "padding": 11,
          "paddingLeft": 12,
        }
      }
    >
      <Text
        accessible={true}
        allowFontScaling={true}
        ellipsizeMode="tail"
        numberOfLines={undefined}
        style={
          Array [
            Object {
              "color": "#000000",
              "fontFamily": "System",
              "fontWeight": "400",
            },
            Object {
              "color": "#999999",
              "fontSize": 11,
              "fontWeight": "bold",
              "left": 5,
              "position": "absolute",
              "textAlign": "right",
              "top": 11,
              "width": 20,
            },
          ]
        }
      >
        10
        .
      </Text>
      <Text
        accessible={true}
        allowFontScaling={true}
        ellipsizeMode="tail"
        numberOfLines={undefined}
        style={
          Array [
            Object {
              "color": "#000000",
              "fontFamily": "System",
              "fontWeight": "400",
            },
            Object {
              "color": "#999999",
              "fontFamily": "Menlo-Regular",
              "fontSize": 11,
              "paddingLeft": 17,
            },
          ]
        }
      >
        eagle
      </Text>
    </View>
  </View>
  <View
    style={
      Object {
        "padding": 4,
        "width": "49%",
      }
    }
  >
    <View
      style={
        Object {
          "backgroundColor": "#F8F8F8",
          "borderColor": "#DADADA",
          "borderRadius": 30,
          "borderWidth": 1,
          "padding": 11,
          "paddingLeft": 12,
        }
      }
    >
      <Text
        accessible={true}
        allowFontScaling={true}
        ellipsizeMode="tail"
        numberOfLines={undefined}
        style={
          Array [
            Object {
              "color": "#000000",
              "fontFamily": "System",
              "fontWeight": "400",
            },
            Object {
              "color": "#999999",
              "fontSize": 11,
              "fontWeight": "bold",
              "left": 5,
              "position": "absolute",
              "textAlign": "right",
              "top": 11,
              "width": 20,
            },
          ]
        }
      >
        11
        .
      </Text>
      <Text
        accessible={true}
        allowFontScaling={true}
        ellipsizeMode="tail"
        numberOfLines={undefined}
        style={
          Array [
            Object {
              "color": "#000000",
              "fontFamily": "System",
              "fontWeight": "400",
            },
            Object {
              "color": "#999999",
              "fontFamily": "Menlo-Regular",
              "fontSize": 11,
              "paddingLeft": 17,
            },
          ]
        }
      >
        title
      </Text>
    </View>
  </View>
  <View
    style={
      Object {
        "padding": 4,
        "width": "49%",
      }
    }
  >
    <View
      style={
        Object {
          "backgroundColor": "#F8F8F8",
          "borderColor": "#DADADA",
          "borderRadius": 30,
          "borderWidth": 1,
          "padding": 11,
          "paddingLeft": 12,
        }
      }
    >
      <Text
        accessible={true}
        allowFontScaling={true}
        ellipsizeMode="tail"
        numberOfLines={undefined}
        style={
          Array [
            Object {
              "color": "#000000",
              "fontFamily": "System",
              "fontWeight": "400",
            },
            Object {
              "color": "#999999",
              "fontSize": 11,
              "fontWeight": "bold",
              "left": 5,
              "position": "absolute",
              "textAlign": "right",
              "top": 11,
              "width": 20,
            },
          ]
        }
      >
        12
        .
      </Text>
      <Text
        accessible={true}
        allowFontScaling={true}
        ellipsizeMode="tail"
        numberOfLines={undefined}
        style={
          Array [
            Object {
              "color": "#000000",
              "fontFamily": "System",
              "fontWeight": "400",
            },
            Object {
              "color": "#999999",
              "fontFamily": "Menlo-Regular",
              "fontSize": 11,
              "paddingLeft": 17,
            },
          ]
        }
      >
        wing
      </Text>
    </View>
  </View>
</View>
`;
