// Jest Snapshot v1, https://goo.gl/fbAQLP

exports[`MnemonicWords renders correctly 1`] = `
<View
  style={
    Array [
      Object {
        "alignItems": "center",
        "flexDirection": "row",
        "flexWrap": "wrap",
        "justifyContent": "center",
      },
      undefined,
    ]
  }
>
  <View
    style={
      Object {
        "padding": 4,
        "width": "49%",
      }
    }
  >
    <View
      style={
        Array [
          Object {
            "borderRadius": 30,
            "borderWidth": 1,
            "padding": 11,
            "paddingLeft": 12,
          },
          Object {
            "backgroundColor": "#F6F6F6",
            "borderColor": "#D8D8DB",
          },
        ]
      }
    >
      <Text
        style={
          Array [
            Object {
              "fontFamily": "System",
              "fontWeight": "400",
            },
            Object {
              "color": "#000000",
            },
            Array [
              Object {
                "fontSize": 11,
                "fontWeight": "bold",
                "left": 5,
                "position": "absolute",
                "textAlign": "right",
                "top": 11,
                "width": 20,
              },
              Object {
                "color": "#999999",
              },
            ],
          ]
        }
      >
        1
        .
      </Text>
      <Text
        style={
          Array [
            Object {
              "fontFamily": "System",
              "fontWeight": "400",
            },
            Object {
              "color": "#000000",
            },
            Array [
              Object {
                "fontFamily": "Menlo-Regular",
                "fontSize": 11,
                "paddingLeft": 17,
              },
              Object {
                "color": "#999999",
              },
            ],
          ]
        }
      >
        during
      </Text>
    </View>
  </View>
  <View
    style={
      Object {
        "padding": 4,
        "width": "49%",
      }
    }
  >
    <View
      style={
        Array [
          Object {
            "borderRadius": 30,
            "borderWidth": 1,
            "padding": 11,
            "paddingLeft": 12,
          },
          Object {
            "backgroundColor": "#F6F6F6",
            "borderColor": "#D8D8DB",
          },
        ]
      }
    >
      <Text
        style={
          Array [
            Object {
              "fontFamily": "System",
              "fontWeight": "400",
            },
            Object {
              "color": "#000000",
            },
            Array [
              Object {
                "fontSize": 11,
                "fontWeight": "bold",
                "left": 5,
                "position": "absolute",
                "textAlign": "right",
                "top": 11,
                "width": 20,
              },
              Object {
                "color": "#999999",
              },
            ],
          ]
        }
      >
        2
        .
      </Text>
      <Text
        style={
          Array [
            Object {
              "fontFamily": "System",
              "fontWeight": "400",
            },
            Object {
              "color": "#000000",
            },
            Array [
              Object {
                "fontFamily": "Menlo-Regular",
                "fontSize": 11,
                "paddingLeft": 17,
              },
              Object {
                "color": "#999999",
              },
            ],
          ]
        }
      >
        bulb
      </Text>
    </View>
  </View>
  <View
    style={
      Object {
        "padding": 4,
        "width": "49%",
      }
    }
  >
    <View
      style={
        Array [
          Object {
            "borderRadius": 30,
            "borderWidth": 1,
            "padding": 11,
            "paddingLeft": 12,
          },
          Object {
            "backgroundColor": "#F6F6F6",
            "borderColor": "#D8D8DB",
          },
        ]
      }
    >
      <Text
        style={
          Array [
            Object {
              "fontFamily": "System",
              "fontWeight": "400",
            },
            Object {
              "color": "#000000",
            },
            Array [
              Object {
                "fontSize": 11,
                "fontWeight": "bold",
                "left": 5,
                "position": "absolute",
                "textAlign": "right",
                "top": 11,
                "width": 20,
              },
              Object {
                "color": "#999999",
              },
            ],
          ]
        }
      >
        3
        .
      </Text>
      <Text
        style={
          Array [
            Object {
              "fontFamily": "System",
              "fontWeight": "400",
            },
            Object {
              "color": "#000000",
            },
            Array [
              Object {
                "fontFamily": "Menlo-Regular",
                "fontSize": 11,
                "paddingLeft": 17,
              },
              Object {
                "color": "#999999",
              },
            ],
          ]
        }
      >
        nominee
      </Text>
    </View>
  </View>
  <View
    style={
      Object {
        "padding": 4,
        "width": "49%",
      }
    }
  >
    <View
      style={
        Array [
          Object {
            "borderRadius": 30,
            "borderWidth": 1,
            "padding": 11,
            "paddingLeft": 12,
          },
          Object {
            "backgroundColor": "#F6F6F6",
            "borderColor": "#D8D8DB",
          },
        ]
      }
    >
      <Text
        style={
          Array [
            Object {
              "fontFamily": "System",
              "fontWeight": "400",
            },
            Object {
              "color": "#000000",
            },
            Array [
              Object {
                "fontSize": 11,
                "fontWeight": "bold",
                "left": 5,
                "position": "absolute",
                "textAlign": "right",
                "top": 11,
                "width": 20,
              },
              Object {
                "color": "#999999",
              },
            ],
          ]
        }
      >
        4
        .
      </Text>
      <Text
        style={
          Array [
            Object {
              "fontFamily": "System",
              "fontWeight": "400",
            },
            Object {
              "color": "#000000",
            },
            Array [
              Object {
                "fontFamily": "Menlo-Regular",
                "fontSize": 11,
                "paddingLeft": 17,
              },
              Object {
                "color": "#999999",
              },
            ],
          ]
        }
      >
        acquire
      </Text>
    </View>
  </View>
  <View
    style={
      Object {
        "padding": 4,
        "width": "49%",
      }
    }
  >
    <View
      style={
        Array [
          Object {
            "borderRadius": 30,
            "borderWidth": 1,
            "padding": 11,
            "paddingLeft": 12,
          },
          Object {
            "backgroundColor": "#F6F6F6",
            "borderColor": "#D8D8DB",
          },
        ]
      }
    >
      <Text
        style={
          Array [
            Object {
              "fontFamily": "System",
              "fontWeight": "400",
            },
            Object {
              "color": "#000000",
            },
            Array [
              Object {
                "fontSize": 11,
                "fontWeight": "bold",
                "left": 5,
                "position": "absolute",
                "textAlign": "right",
                "top": 11,
                "width": 20,
              },
              Object {
                "color": "#999999",
              },
            ],
          ]
        }
      >
        5
        .
      </Text>
      <Text
        style={
          Array [
            Object {
              "fontFamily": "System",
              "fontWeight": "400",
            },
            Object {
              "color": "#000000",
            },
            Array [
              Object {
                "fontFamily": "Menlo-Regular",
                "fontSize": 11,
                "paddingLeft": 17,
              },
              Object {
                "color": "#999999",
              },
            ],
          ]
        }
      >
        paddle
      </Text>
    </View>
  </View>
  <View
    style={
      Object {
        "padding": 4,
        "width": "49%",
      }
    }
  >
    <View
      style={
        Array [
          Object {
            "borderRadius": 30,
            "borderWidth": 1,
            "padding": 11,
            "paddingLeft": 12,
          },
          Object {
            "backgroundColor": "#F6F6F6",
            "borderColor": "#D8D8DB",
          },
        ]
      }
    >
      <Text
        style={
          Array [
            Object {
              "fontFamily": "System",
              "fontWeight": "400",
            },
            Object {
              "color": "#000000",
            },
            Array [
              Object {
                "fontSize": 11,
                "fontWeight": "bold",
                "left": 5,
                "position": "absolute",
                "textAlign": "right",
                "top": 11,
                "width": 20,
              },
              Object {
                "color": "#999999",
              },
            ],
          ]
        }
      >
        6
        .
      </Text>
      <Text
        style={
          Array [
            Object {
              "fontFamily": "System",
              "fontWeight": "400",
            },
            Object {
              "color": "#000000",
            },
            Array [
              Object {
                "fontFamily": "Menlo-Regular",
                "fontSize": 11,
                "paddingLeft": 17,
              },
              Object {
                "color": "#999999",
              },
            ],
          ]
        }
      >
        next
      </Text>
    </View>
  </View>
  <View
    style={
      Object {
        "padding": 4,
        "width": "49%",
      }
    }
  >
    <View
      style={
        Array [
          Object {
            "borderRadius": 30,
            "borderWidth": 1,
            "padding": 11,
            "paddingLeft": 12,
          },
          Object {
            "backgroundColor": "#F6F6F6",
            "borderColor": "#D8D8DB",
          },
        ]
      }
    >
      <Text
        style={
          Array [
            Object {
              "fontFamily": "System",
              "fontWeight": "400",
            },
            Object {
              "color": "#000000",
            },
            Array [
              Object {
                "fontSize": 11,
                "fontWeight": "bold",
                "left": 5,
                "position": "absolute",
                "textAlign": "right",
                "top": 11,
                "width": 20,
              },
              Object {
                "color": "#999999",
              },
            ],
          ]
        }
      >
        7
        .
      </Text>
      <Text
        style={
          Array [
            Object {
              "fontFamily": "System",
              "fontWeight": "400",
            },
            Object {
              "color": "#000000",
            },
            Array [
              Object {
                "fontFamily": "Menlo-Regular",
                "fontSize": 11,
                "paddingLeft": 17,
              },
              Object {
                "color": "#999999",
              },
            ],
          ]
        }
      >
        course
      </Text>
    </View>
  </View>
  <View
    style={
      Object {
        "padding": 4,
        "width": "49%",
      }
    }
  >
    <View
      style={
        Array [
          Object {
            "borderRadius": 30,
            "borderWidth": 1,
            "padding": 11,
            "paddingLeft": 12,
          },
          Object {
            "backgroundColor": "#F6F6F6",
            "borderColor": "#D8D8DB",
          },
        ]
      }
    >
      <Text
        style={
          Array [
            Object {
              "fontFamily": "System",
              "fontWeight": "400",
            },
            Object {
              "color": "#000000",
            },
            Array [
              Object {
                "fontSize": 11,
                "fontWeight": "bold",
                "left": 5,
                "position": "absolute",
                "textAlign": "right",
                "top": 11,
                "width": 20,
              },
              Object {
                "color": "#999999",
              },
            ],
          ]
        }
      >
        8
        .
      </Text>
      <Text
        style={
          Array [
            Object {
              "fontFamily": "System",
              "fontWeight": "400",
            },
            Object {
              "color": "#000000",
            },
            Array [
              Object {
                "fontFamily": "Menlo-Regular",
                "fontSize": 11,
                "paddingLeft": 17,
              },
              Object {
                "color": "#999999",
              },
            ],
          ]
        }
      >
        stable
      </Text>
    </View>
  </View>
  <View
    style={
      Object {
        "padding": 4,
        "width": "49%",
      }
    }
  >
    <View
      style={
        Array [
          Object {
            "borderRadius": 30,
            "borderWidth": 1,
            "padding": 11,
            "paddingLeft": 12,
          },
          Object {
            "backgroundColor": "#F6F6F6",
            "borderColor": "#D8D8DB",
          },
        ]
      }
    >
      <Text
        style={
          Array [
            Object {
              "fontFamily": "System",
              "fontWeight": "400",
            },
            Object {
              "color": "#000000",
            },
            Array [
              Object {
                "fontSize": 11,
                "fontWeight": "bold",
                "left": 5,
                "position": "absolute",
                "textAlign": "right",
                "top": 11,
                "width": 20,
              },
              Object {
                "color": "#999999",
              },
            ],
          ]
        }
      >
        9
        .
      </Text>
      <Text
        style={
          Array [
            Object {
              "fontFamily": "System",
              "fontWeight": "400",
            },
            Object {
              "color": "#000000",
            },
            Array [
              Object {
                "fontFamily": "Menlo-Regular",
                "fontSize": 11,
                "paddingLeft": 17,
              },
              Object {
                "color": "#999999",
              },
            ],
          ]
        }
      >
        govern
      </Text>
    </View>
  </View>
  <View
    style={
      Object {
        "padding": 4,
        "width": "49%",
      }
    }
  >
    <View
      style={
        Array [
          Object {
            "borderRadius": 30,
            "borderWidth": 1,
            "padding": 11,
            "paddingLeft": 12,
          },
          Object {
            "backgroundColor": "#F6F6F6",
            "borderColor": "#D8D8DB",
          },
        ]
      }
    >
      <Text
        style={
          Array [
            Object {
              "fontFamily": "System",
              "fontWeight": "400",
            },
            Object {
              "color": "#000000",
            },
            Array [
              Object {
                "fontSize": 11,
                "fontWeight": "bold",
                "left": 5,
                "position": "absolute",
                "textAlign": "right",
                "top": 11,
                "width": 20,
              },
              Object {
                "color": "#999999",
              },
            ],
          ]
        }
      >
        10
        .
      </Text>
      <Text
        style={
          Array [
            Object {
              "fontFamily": "System",
              "fontWeight": "400",
            },
            Object {
              "color": "#000000",
            },
            Array [
              Object {
                "fontFamily": "Menlo-Regular",
                "fontSize": 11,
                "paddingLeft": 17,
              },
              Object {
                "color": "#999999",
              },
            ],
          ]
        }
      >
        eagle
      </Text>
    </View>
  </View>
  <View
    style={
      Object {
        "padding": 4,
        "width": "49%",
      }
    }
  >
    <View
      style={
        Array [
          Object {
            "borderRadius": 30,
            "borderWidth": 1,
            "padding": 11,
            "paddingLeft": 12,
          },
          Object {
            "backgroundColor": "#F6F6F6",
            "borderColor": "#D8D8DB",
          },
        ]
      }
    >
      <Text
        style={
          Array [
            Object {
              "fontFamily": "System",
              "fontWeight": "400",
            },
            Object {
              "color": "#000000",
            },
            Array [
              Object {
                "fontSize": 11,
                "fontWeight": "bold",
                "left": 5,
                "position": "absolute",
                "textAlign": "right",
                "top": 11,
                "width": 20,
              },
              Object {
                "color": "#999999",
              },
            ],
          ]
        }
      >
        11
        .
      </Text>
      <Text
        style={
          Array [
            Object {
              "fontFamily": "System",
              "fontWeight": "400",
            },
            Object {
              "color": "#000000",
            },
            Array [
              Object {
                "fontFamily": "Menlo-Regular",
                "fontSize": 11,
                "paddingLeft": 17,
              },
              Object {
                "color": "#999999",
              },
            ],
          ]
        }
      >
        title
      </Text>
    </View>
  </View>
  <View
    style={
      Object {
        "padding": 4,
        "width": "49%",
      }
    }
  >
    <View
      style={
        Array [
          Object {
            "borderRadius": 30,
            "borderWidth": 1,
            "padding": 11,
            "paddingLeft": 12,
          },
          Object {
            "backgroundColor": "#F6F6F6",
            "borderColor": "#D8D8DB",
          },
        ]
      }
    >
      <Text
        style={
          Array [
            Object {
              "fontFamily": "System",
              "fontWeight": "400",
            },
            Object {
              "color": "#000000",
            },
            Array [
              Object {
                "fontSize": 11,
                "fontWeight": "bold",
                "left": 5,
                "position": "absolute",
                "textAlign": "right",
                "top": 11,
                "width": 20,
              },
              Object {
                "color": "#999999",
              },
            ],
          ]
        }
      >
        12
        .
      </Text>
      <Text
        style={
          Array [
            Object {
              "fontFamily": "System",
              "fontWeight": "400",
            },
            Object {
              "color": "#000000",
            },
            Array [
              Object {
                "fontFamily": "Menlo-Regular",
                "fontSize": 11,
                "paddingLeft": 17,
              },
              Object {
                "color": "#999999",
              },
            ],
          ]
        }
      >
        wing
      </Text>
    </View>
  </View>
  <View
    style={
      Array [
        Object {
          "bottom": -30,
          "left": -10,
          "position": "absolute",
          "right": -10,
          "top": -30,
        },
        Object {
          "backgroundColor": "#ffffff",
        },
        undefined,
      ]
    }
  />
  <View
    accessible={true}
    focusable={false}
    isTVSelectable={true}
    onClick={[Function]}
    onResponderGrant={[Function]}
    onResponderMove={[Function]}
    onResponderRelease={[Function]}
    onResponderTerminate={[Function]}
    onResponderTerminationRequest={[Function]}
    onStartShouldSetResponder={[Function]}
    style={
      Object {
        "alignItems": "center",
        "opacity": 1,
        "position": "absolute",
      }
    }
  >
    <View
      style={
        Object {
          "alignItems": "center",
        }
      }
    >
      <IoniconIcon
        name="ios-eye"
        style={
          Array [
            Object {
              "fontSize": 38,
            },
            Object {
              "color": "#007AFF",
            },
          ]
        }
      />
      <Text
        style={
          Array [
            Object {
              "fontFamily": "System",
              "fontWeight": "400",
            },
            Object {
              "color": "#000000",
            },
            Object {
              "color": "#007AFF",
            },
          ]
        }
      >
        Reveal Recovery Key
      </Text>
    </View>
  </View>
</View>
`;
