// Jest Snapshot v1, https://goo.gl/fbAQLP

exports[`Paragraph renders correctly 1`] = `
<Text
  style={
    Array [
      Object {
        "color": "#000000",
        "fontFamily": "System",
        "fontWeight": "400",
      },
      Array [
        Object {
          "color": "#AAAAAA",
          "fontSize": 15,
          "fontWeight": "400",
          "letterSpacing": -0.24,
          "lineHeight": 21,
          "marginBottom": 20,
        },
        undefined,
      ],
    ]
  }
>
  <Text>
    111b4b5f-5b3a-46ef-9ffb-7e6c67e56f78
  </Text>
</Text>
`;
