// Jest Snapshot v1, https://goo.gl/fbAQLP

exports[`SettingsDescription renders correctly 1`] = `
<Text
  style={
    Array [
      Object {
        "fontFamily": "System",
        "fontWeight": "400",
      },
      Object {
        "color": "#000000",
      },
      Array [
        Object {
          "fontSize": 13,
          "lineHeight": 17,
          "marginBottom": 30,
          "marginTop": -25,
          "paddingLeft": 15,
          "paddingRight": 15,
        },
        Object {
          "color": "#8A8A8F",
        },
      ],
    ]
  }
>
  <Text>
    698350fe-6f2f-487c-adad-a9f5a7f27b59
  </Text>
</Text>
`;
