// Jest Snapshot v1, https://goo.gl/fbAQLP

exports[`SettingsInput renders correctly 1`] = `
<View
  style={
    Array [
      undefined,
      Object {
        "paddingBottom": 12,
        "paddingLeft": 15,
        "paddingRight": 15,
        "paddingTop": 12,
      },
    ]
  }
>
  <TextInput
    allowFontScaling={true}
    autoFocus={true}
    clearButtonMode="always"
    editable={true}
    placeholder="f69225ae-ee9b-4e45-9688-4a74ae3b82e9"
    rejectResponderTermination={true}
    returnKeyType="done"
    style={
      Array [
        Object {
          "fontFamily": "System",
          "fontSize": 17,
          "fontWeight": "400",
        },
        Object {
          "color": "#000000",
        },
      ]
    }
    underlineColorAndroid="transparent"
    value="5f2d5a31-66cc-438f-9136-085e1c8ceb2b"
  />
</View>
`;
