// Jest Snapshot v1, https://goo.gl/fbAQLP

exports[`StyledText renders correctly 1`] = `
<Text
  numberOfLines={1}
  style={
    Array [
      Object {
        "fontFamily": "System",
        "fontWeight": "400",
      },
      Object {
        "color": "#000000",
      },
      undefined,
    ]
  }
>
  <Text>
    a7c7a003-f65a-4373-b0db-dc744c4e3e9f
  </Text>
</Text>
`;
